Gate area 1.2000 um^2
Level 0 Module MCU                                      Gates=    384566 Cells=   30019 Area=  461479.9 um^2
Level 1 Module adddec0                                  Gates=3065       Cells=741      Area=    3678.0 um^2
Level 1 Module afe0                                     Gates=3627       Cells=1011     Area=    4352.4 um^2
Level 1 Module core                                     Gates=51066      Cells=15114    Area=   61279.2 um^2
Level 2 Module core/csr_unit_inst                       Gates=2293       Cells=479      Area=    2751.6 um^2
Level 2 Module core/datapath_inst                       Gates=38601      Cells=11340    Area=   46321.6 um^2
Level 2 Module core/irq_handler_inst                    Gates=3766       Cells=1389     Area=    4520.0 um^2
Level 1 Module dco0                                     Gates=1800       Cells=0        Area=    2160.7 um^2
Level 1 Module dco1                                     Gates=1800       Cells=0        Area=    2160.7 um^2
Level 1 Module gpio0                                    Gates=1244       Cells=353      Area=    1492.8 um^2
Level 1 Module gpio1                                    Gates=1229       Cells=350      Area=    1474.8 um^2
Level 1 Module gpio2                                    Gates=1212       Cells=345      Area=    1455.2 um^2
Level 1 Module gpio3                                    Gates=1252       Cells=349      Area=    1503.2 um^2
Level 1 Module i2c0                                     Gates=1758       Cells=486      Area=    2109.6 um^2
Level 1 Module i2c1                                     Gates=1764       Cells=488      Area=    2116.8 um^2
Level 1 Module npu0                                     Gates=11665      Cells=3240     Area=   13998.8 um^2
Level 2 Module npu0/NPU_FPMAC                           Gates=5949       Cells=1678     Area=    7139.6 um^2
Level 2 Module npu0/NPU_FPSIGMOID                       Gates=3325       Cells=984      Area=    3990.4 um^2
Level 1 Module saradc0                                  Gates=1125       Cells=306      Area=    1350.0 um^2
Level 1 Module spi0                                     Gates=5341       Cells=1373     Area=    6409.2 um^2
Level 1 Module spi1                                     Gates=4178       Cells=1080     Area=    5014.0 um^2
Level 1 Module system0                                  Gates=5128       Cells=1203     Area=    6154.0 um^2
Level 1 Module timer0                                   Gates=4705       Cells=1076     Area=    5646.4 um^2
Level 1 Module timer1                                   Gates=4741       Cells=1083     Area=    5689.2 um^2
Level 1 Module uart0                                    Gates=1624       Cells=390      Area=    1949.6 um^2
Level 1 Module uart1                                    Gates=1620       Cells=389      Area=    1944.8 um^2
Level 1 Module ram0                                     Gates=113984     Cells=0        Area=  136781.3 um^2
Level 1 Module ram1                                     Gates=113984     Cells=0        Area=  136781.3 um^2
Level 1 Module rom0                                     Gates=42399      Cells=0        Area=   50879.2 um^2
