strmout reported errors:
INFO (XSTRM-234): Translation completed. '0' error(s) and '282' warning(s) found.
Running Calibre DRC (chipdrc) on chip_argus_a7_signoff/chip_top ...
Results: calibre/a7_iso/chip_top/chipdrc/results/chipdrc.rpt
--- RULECHECK RESULTS STATISTICS (BY CELL)
---
CELL PCORNER_G ........................ TOTAL Result Count = 1   (4)
    RULECHECK NW.S.5 .................. TOTAL Result Count = 1   (4)
CELL HBG527_PFILLER5_BASE_G ........... TOTAL Result Count = 1   (1870)
    RULECHECK NW.S.5 .................. TOTAL Result Count = 1   (1870)
CELL HBG527_PREPDB3A_GR ............... TOTAL Result Count = 1   (24)
    RULECHECK NW.S.5 .................. TOTAL Result Count = 1   (24)
CELL HBG527_BASE_PDB3A_VSS ............ TOTAL Result Count = 1   (36)
    RULECHECK NW.S.5 .................. TOTAL Result Count = 1   (36)
CELL PDB3A_G .......................... TOTAL Result Count = 3   (36)
    RULECHECK NW.S.5 .................. TOTAL Result Count = 3   (36)
CELL PFILLER1_G ....................... TOTAL Result Count = 1   (8)
    RULECHECK NW.S.5 .................. TOTAL Result Count = 1   (8)
CELL PFILLER05_G ...................... TOTAL Result Count = 1   (4)
    RULECHECK NW.S.5 .................. TOTAL Result Count = 1   (4)
CELL HBG527_PREVSSDN_CUT .............. TOTAL Result Count = 1   (4)
    RULECHECK NW.S.5 .................. TOTAL Result Count = 1   (4)
CELL HBG527_PREDRVVSS2 ................ TOTAL Result Count = 1   (33)
    RULECHECK NW.S.5 .................. TOTAL Result Count = 1   (33)
CELL HBG527_PREDRVVDD ................. TOTAL Result Count = 1   (33)
    RULECHECK NW.S.5 .................. TOTAL Result Count = 1   (33)
CELL HBG527_PREDRVVSS1 ................ TOTAL Result Count = 1   (33)
    RULECHECK NW.S.5 .................. TOTAL Result Count = 1   (33)
CELL HBG527_PREDRV .................... TOTAL Result Count = 2   (66)
    RULECHECK NW.S.5 .................. TOTAL Result Count = 2   (66)
CELL PDUW16SDGZ_G ..................... TOTAL Result Count = 28  (924)
    RULECHECK ESD.22g ................. TOTAL Result Count = 28  (924)
CELL HBG527_MOS_ESDN01_VDD2_RPO_095 ... TOTAL Result Count = 2   (36)
    RULECHECK ESD.21g ................. TOTAL Result Count = 2   (36)
CELL HBG527_POSTVDD2POC_G ............. TOTAL Result Count = 468 (1404)
    RULECHECK ESD.23g ................. TOTAL Result Count = 468 (1404)
CELL HBG527_PREVSS2 ................... TOTAL Result Count = 1   (3)
    RULECHECK NW.S.5 .................. TOTAL Result Count = 1   (3)
CELL HBG527_PREVSS1 ................... TOTAL Result Count = 1   (3)
    RULECHECK NW.S.5 .................. TOTAL Result Count = 1   (3)
CELL HBG527_PREVDD1 ................... TOTAL Result Count = 1   (2)
    RULECHECK NW.S.5 .................. TOTAL Result Count = 1   (2)
CELL hart_tile ........................ TOTAL Result Count = 3   (54)
    RULECHECK M1.S.1 .................. TOTAL Result Count = 1   (18)
    RULECHECK M2.S.1 .................. TOTAL Result Count = 2   (36)
CELL rom_hvt_pg ....................... TOTAL Result Count = 9   (9)
    RULECHECK M7.S.4 .................. TOTAL Result Count = 9   (9)
CELL HBG527_PPLUSH_D6X16D315 .......... TOTAL Result Count = 1   (8)
    RULECHECK NW.S.5 .................. TOTAL Result Count = 1   (8)
CELL HBG527_PREVSS1ANA ................ TOTAL Result Count = 1   (1)
    RULECHECK NW.S.5 .................. TOTAL Result Count = 1   (1)
CELL HBG527_PREVDD2ANA ................ TOTAL Result Count = 631 (631)
    RULECHECK NW.S.5 .................. TOTAL Result Count = 1   (1)
    RULECHECK ESD.23g ................. TOTAL Result Count = 630 (630)
CELL chip_top ......................... TOTAL Result Count = 762 (762)
    RULECHECK NW.S.5 .................. TOTAL Result Count = 4   (4)
    RULECHECK NW.EN.1 ................. TOTAL Result Count = 8   (8)
    RULECHECK NW.EN.3 ................. TOTAL Result Count = 2   (2)
    RULECHECK OD.DN.2 ................. TOTAL Result Count = 13  (13)
    RULECHECK OD.DN.3 ................. TOTAL Result Count = 21  (21)
    RULECHECK DOD.R.1 ................. TOTAL Result Count = 1   (1)
    RULECHECK OD2.EX.2 ................ TOTAL Result Count = 1   (1)
    RULECHECK PO.DN.1:L ............... TOTAL Result Count = 1   (1)
    RULECHECK PO.DN.2 ................. TOTAL Result Count = 9   (9)
