-------------------------------------------------------------------------------
Name     : Shielded net name
Length   : Shielded net length
Shield   : Total length of shielding wire
Ratio    : Average shielding ratio
-------------------------------------------------------------------------------
Name          Length    Shield    Ratio   
                                         Layer:      Length     Shield  Ratio
-------------------------------------------------------------------------------
uart0/CTS_4:   preferred: M3 - M4
                 0.8       0.0    0.000
                                             M2:        0.2        0.0  0.000
                                             M3:        0.6        0.0  0.000
i2c0/CGMaster/CTS_5:   preferred: M3 - M4
                 0.8       0.0    0.000
                                             M1:        0.8        0.0  0.000
i2c0/CTS_2:   preferred: M3 - M4
                 1.0       0.0    0.000
                                             M1:        1.0        0.0  0.000
timer0/CTS_7:   preferred: M3 - M4
                 1.2       0.0    0.000
                                             M1:        1.2        0.0  0.000
uart1/CTS_6:   preferred: M3 - M4
                 1.6       0.0    0.000
                                             M2:        0.8        0.0  0.000
                                             M3:        0.8        0.0  0.000
uart0/CTS_12:   preferred: M3 - M4
                 1.8       0.0    0.000
                                             M1:        0.4        0.0  0.000
                                             M3:        1.4        0.0  0.000
uart1/CTS_12:   preferred: M3 - M4
                 2.0       0.0    0.000
                                             M1:        0.4        0.0  0.000
                                             M2:        0.4        0.0  0.000
                                             M3:        1.2        0.0  0.000
afe0/n_501:   preferred: M3 - M4
                 3.4       0.1    0.007
                                             M1:        0.6        0.0  0.000
                                             M2:        1.6        0.0  0.000
                                             M3:        1.2        0.1  0.021
afe0/n_447:   preferred: M3 - M4
                 1.6       0.1    0.047
                                             M1:        0.4        0.0  0.000
                                             M2:        0.2        0.0  0.000
                                             M3:        1.0        0.1  0.075
uart1/CTS_2:   preferred: M3 - M4
                 2.2       0.2    0.053
                                             M1:        0.8        0.2  0.147
                                             M2:        1.4        0.0  0.000
dtp3_out:   preferred: M3 - M4
                 4.2       0.6    0.071
                                             M1:        0.4        0.0  0.000
                                             M2:        0.2        0.0  0.000
                                             M3:        3.6        0.6  0.083
timer0/CTS_2:   preferred: M3 - M4
                 3.2       0.7    0.102
                                             M1:        0.4        0.0  0.000
                                             M2:        0.6        0.0  0.000
                                             M3:        2.2        0.7  0.148
uart0/CTS_14:   preferred: M3 - M4
                 1.8       0.4    0.111
                                             M2:        0.8        0.4  0.250
                                             M4:        1.0        0.0  0.000
i2c0/CGMaster/CTS_2:   preferred: M3 - M4
                 7.3       2.0    0.138
                                             M2:        0.3        0.3  0.500
                                             M3:        5.2        1.7  0.163
                                             M4:        1.8        0.0  0.000
uart0/CTS_2:   preferred: M3 - M4
                 2.8       0.9    0.160
                                             M1:        0.4        0.0  0.000
                                             M2:        1.2        0.1  0.021
                                             M3:        1.2        0.8  0.352
i2c1/CGMaster/CTS_3:   preferred: M3 - M4
                 7.0       2.3    0.163
                                             M1:        0.6        0.0  0.000
                                             M2:        3.1        0.5  0.079
                                             M3:        2.2        1.8  0.400
                                             M4:        1.0        0.0  0.000
timer1/CTS_8:   preferred: M3 - M4
                 2.4       0.8    0.167
                                             M1:        0.4        0.0  0.000
                                             M2:        0.2        0.0  0.000
                                             M3:        1.8        0.8  0.222
afe0/n_444:   preferred: M3 - M4
                 5.2       1.8    0.174
                                             M2:        2.2        0.0  0.000
                                             M3:        3.0        1.8  0.300
uart1/CTS_13:   preferred: M3 - M4
                 4.4       1.8    0.200
                                             M1:        0.4        0.0  0.000
                                             M2:        4.0        1.8  0.220
afe0/adc_fsm/fsm/CTS_3:   preferred: M3 - M4
                 4.4       2.0    0.223
                                             M2:        0.4        0.8  0.938
                                             M3:        0.8        0.0  0.000
                                             M4:        3.2        1.2  0.189
system0/CTS_13:   preferred: M3 - M4
                 2.8       1.2    0.227
                                             M1:        1.4        0.4  0.148
                                             M2:        1.4        0.8  0.304
afe0/n_443:   preferred: M3 - M4
                 4.1       2.0    0.239
                                             M1:        0.4        0.0  0.000
                                             M2:        0.3        0.0  0.000
                                             M3:        3.4        2.0  0.288
gpio3/n_148:   preferred: M3 - M4
                 1.9       1.0    0.250
                                             M2:        0.7        0.1  0.107
                                             M3:        1.2        0.8  0.333
uart1/CTS_11:   preferred: M3 - M4
                 3.2       1.6    0.250
                                             M1:        0.4        0.0  0.000
                                             M2:        0.4        0.0  0.000
                                             M3:        1.6        1.6  0.500
                                             M4:        0.8        0.0  0.000
timer0/CTS_5:   preferred: M3 - M4
                 4.8       2.6    0.266
                                             M1:        0.4        0.0  0.000
                                             M2:        2.2        1.0  0.216
                                             M3:        2.2        1.6  0.364
afe0/n_512:   preferred: M3 - M4
                 3.2       1.8    0.273
                                             M2:        1.8        0.5  0.125
                                             M3:        1.4        1.3  0.464
system0/CTS_12:   preferred: M3 - M4
                 2.8       1.5    0.275
                                             M1:        0.6        0.2  0.150
                                             M2:        2.2        1.4  0.309
i2c0/CGMaster/CTS_3:   preferred: M3 - M4
                 3.0       1.7    0.275
                                             M3:        1.0        0.0  0.000
                                             M4:        2.0        1.7  0.412
i2c1/CGMaster/n_88:   preferred: M3 - M4
                 5.8       3.2    0.279
                                             M1:        0.4        0.0  0.000
                                             M2:        0.4        0.0  0.000
                                             M3:        5.0        3.2  0.324
spi0/CTS_10:   preferred: M3 - M4
                 4.8       2.9    0.297
                                             M1:        0.4        0.0  0.000
                                             M2:        1.8        2.1  0.597
                                             M3:        2.6        0.7  0.135
npu0/NpuSramCLK:   preferred: M3 - M4
                 6.6       4.0    0.303
                                             M2:        1.0        0.0  0.000
                                             M3:        2.4        4.0  0.833
                                             M4:        3.2        0.0  0.000
dtp2_out:   preferred: M3 - M4
                 3.7       2.2    0.304
                                             M1:        0.3        0.0  0.000
                                             M2:        0.2        0.0  0.000
                                             M3:        0.8        0.8  0.500
                                             M4:        2.4        1.4  0.301
CTS_28:   preferred: M3 - M4
                 2.1       1.3    0.310
                                             M1:        0.6        0.3  0.246
                                             M2:        1.5        1.0  0.336
afe0/n_445:   preferred: M3 - M4
                 6.2       4.4    0.352
                                             M3:        4.6        3.2  0.343
                                             M4:        0.4        0.0  0.000
                                             M5:        1.2        1.2  0.500
timer0/n_709:   preferred: M3 - M4
                 5.0       3.7    0.370
                                             M3:        1.6        1.9  0.578
                                             M4:        3.4        1.9  0.272
timer1/divider_input:   preferred: M3 - M4
                 5.6       4.1    0.370
                                             M1:        0.4        0.0  0.000
                                             M3:        5.2        4.1  0.399
afe0/n_446:   preferred: M3 - M4
                 7.0       5.3    0.379
                                             M1:        0.6        0.0  0.000
                                             M2:        2.6        0.7  0.135
                                             M3:        2.2        1.7  0.375
                                             M4:        1.6        3.0  0.925
CTS_20:   preferred: M3 - M4
                12.4       9.6    0.385
                                             M2:        2.0        2.0  0.500
                                             M3:       10.4        7.6  0.363
uart1/CTS_8:   preferred: M3 - M4
                 1.4       1.1    0.389
                                             M1:        1.4        1.1  0.389
afe0/adc_fsm/fsm/CTS_2:   preferred: M3 - M4
                 1.4       1.1    0.389
                                             M1:        1.4        1.1  0.389
timer1/CTS_6:   preferred: M3 - M4
                 3.8       3.1    0.407
                                             M2:        1.4        1.4  0.500
                                             M3:        1.4        0.0  0.000
                                             M4:        1.0        1.7  0.848
dtp0_out:   preferred: M3 - M4
                 3.4       2.8    0.412
                                             M1:        0.4        0.0  0.000
                                             M2:        0.2        0.0  0.000
                                             M3:        2.8        2.8  0.500
gpio3/n_154:   preferred: M3 - M4
                 3.0       2.5    0.416
                                             M2:        0.2        0.2  0.500
                                             M3:        1.8        1.0  0.290
                                             M4:        1.0        1.2  0.625
spi0/CTS_6:   preferred: M3 - M4
                 5.8       5.0    0.435
                                             M1:        0.4        0.0  0.000
                                             M2:        0.2        0.0  0.000
                                             M3:        1.8        1.9  0.514
                                             M4:        3.4        3.2  0.471
CTS_33:   preferred: M3 - M4
                19.9      17.9    0.449
                                             M1:        0.4        0.0  0.000
                                             M2:        2.3        0.8  0.185
                                             M3:        5.0        5.9  0.592
                                             M4:        7.6        3.7  0.243
                                             M5:        4.6        7.4  0.804
CTS_41:   preferred: M3 - M4
                 4.8       4.5    0.464
                                             M1:        0.4        0.4  0.500
                                             M2:        1.2        1.4  0.604
                                             M3:        3.2        2.6  0.406
i2c1/CTS_2:   preferred: M3 - M4
                 5.3       5.0    0.472
                                             M1:        0.4        0.4  0.500
                                             M3:        1.5        0.8  0.267
                                             M4:        3.4        3.8  0.559
afe0/n_505:   preferred: M3 - M4
                 3.7       3.5    0.473
                                             M2:        0.3        0.3  0.500
                                             M4:        0.8        0.8  0.500
                                             M5:        0.2        0.0  0.000
                                             M6:        2.4        2.4  0.500
CTS_34:   preferred: M3 - M4
                19.4      18.8    0.483
                                             M1:        1.2        0.4  0.185
                                             M2:        0.6        0.0  0.000
                                             M3:        1.6        3.2  1.000
                                             M4:        5.4        2.8  0.255
                                             M5:        3.4        5.0  0.743
                                             M6:        7.2        7.3  0.508
spi0/CTS_8:   preferred: M3 - M4
                 2.3       2.2    0.489
                                             M3:        0.7        0.6  0.462
                                             M4:        1.6        1.6  0.500
i2c1/CGMaster/n_118:   preferred: M3 - M4
                 5.4       5.3    0.492
                                             M1:        0.4        0.0  0.000
                                             M2:        1.0        0.2  0.125
                                             M3:        0.8        0.2  0.125
                                             M4:        3.2        4.9  0.760
spi0/CTS_2:   preferred: M3 - M4
                 9.8       9.8    0.503
                                             M3:        7.0        5.2  0.375
                                             M4:        2.8        4.6  0.821
timer1/CTS_5:   preferred: M3 - M4
                 4.2       4.2    0.506
                                             M2:        1.4        1.8  0.643
                                             M3:        2.8        2.5  0.438
spi1/CTS_4:   preferred: M3 - M4
                 4.1       4.2    0.508
                                             M2:        0.1        0.0  0.000
                                             M3:        3.0        2.4  0.400
                                             M4:        1.0        1.8  0.905
i2c0/CGMaster/CTS_4:   preferred: M3 - M4
                23.2      23.6    0.509
                                             M1:        0.4        0.0  0.000
                                             M2:        0.6        0.0  0.000
                                             M3:        7.0        9.0  0.643
                                             M4:       11.0       13.0  0.591
                                             M5:        4.2        1.6  0.190
system0/CTS_5:   preferred: M3 - M4
                 4.4       4.5    0.509
                                             M2:        1.0        0.2  0.100
                                             M3:        2.4        2.7  0.558
                                             M4:        1.0        1.6  0.800
CTS_17:   preferred: M3 - M4
                38.6      39.3    0.509
                                             M2:        1.2        1.0  0.417
                                             M3:        1.0        0.8  0.425
                                             M4:       35.0       35.2  0.503
                                             M5:        1.4        2.2  0.804
i2c1/CGMaster/ClkDivided:   preferred: M3 - M4
                 7.8       8.2    0.526
                                             M3:        4.4        5.6  0.632
                                             M4:        3.4        2.6  0.390
afe0/n_508:   preferred: M3 - M4
                 6.6       7.0    0.527
                                             M1:        0.4        0.4  0.500
                                             M2:        1.0        0.0  0.000
                                             M3:        1.8        2.5  0.694
                                             M4:        3.4        4.1  0.597
afe0/n_448:   preferred: M3 - M4
                 3.8       4.1    0.534
                                             M2:        0.4        0.0  0.000
                                             M3:        0.4        0.2  0.250
                                             M4:        3.0        3.9  0.643
uart0/CTS_6:   preferred: M3 - M4
                 4.2       4.5    0.536
                                             M1:        0.8        0.4  0.250
                                             M3:        3.4        4.1  0.603
system0/CTS_3:   preferred: M3 - M4
                10.6      11.4    0.538
                                             M2:        1.0        0.0  0.000
                                             M3:        0.2        0.0  0.000
                                             M4:        9.4       11.4  0.606
system0/smclk_mux/CTS_2:   preferred: M3 - M4
                 3.9       4.2    0.542
                                             M1:        0.4        0.4  0.500
                                             M2:        0.5        0.2  0.192
                                             M3:        3.0        3.6  0.608
system0/CTS_4:   preferred: M3 - M4
                 8.2       9.1    0.555
                                             M2:        1.6        1.4  0.457
                                             M3:        6.6        7.6  0.578
mclk:   preferred: M3 - M4
                48.8      54.4    0.557
                                             M1:        0.4        0.0  0.000
                                             M3:       15.4       15.3  0.498
                                             M4:       33.0       39.1  0.592
system0/CTS_14:   preferred: M3 - M4
                 1.7       2.0    0.576
                                             M2:        1.7        2.0  0.576
i2c0/CGMaster/n_88:   preferred: M3 - M4
                13.8      15.9    0.577
                                             M2:        0.6        0.0  0.000
                                             M3:       10.2       11.2  0.547
                                             M4:        3.0        4.8  0.793
i2c1/CGMaster/CTS_4:   preferred: M3 - M4
                28.1      32.6    0.580
                                             M1:        0.4        0.4  0.500
                                             M2:        1.7        0.0  0.000
                                             M3:        0.2        0.0  0.000
                                             M4:       25.8       32.2  0.624
npu0/CTS_2:   preferred: M3 - M4
                 6.4       7.6    0.591
                                             M1:        0.4        0.0  0.000
                                             M2:        0.8        0.8  0.500
                                             M3:        1.0        1.6  0.805
                                             M4:        4.2        5.2  0.613
spi0/clk_baud_src:   preferred: M3 - M4
                13.6      16.2    0.594
                                             M2:        0.2        0.0  0.000
                                             M3:        8.6        8.9  0.515
                                             M4:        4.8        7.3  0.760
saradc0/n_433_BAR:   preferred: M3 - M4
                 6.4       7.7    0.598
                                             M2:        0.4        0.0  0.000
                                             M3:        5.0        6.0  0.600
                                             M4:        1.0        1.7  0.825
system0/CTS_8:   preferred: M3 - M4
                 4.8       5.8    0.606
                                             M2:        0.6        0.0  0.000
                                             M3:        2.4        3.6  0.751
                                             M4:        1.8        2.2  0.614
afe0/clk_afe:   preferred: M3 - M4
                 9.4      11.4    0.606
                                             M3:        2.0        2.6  0.662
                                             M4:        4.4        4.5  0.516
                                             M5:        3.0        4.2  0.700
uart0/clk_tx:   preferred: M3 - M4
                31.0      37.6    0.606
                                             M1:        0.4        0.0  0.000
                                             M2:        2.2        0.4  0.091
                                             M3:        8.2       13.1  0.799
                                             M4:       11.0       11.0  0.502
                                             M5:        9.2       13.1  0.709
timer0/clock_source:   preferred: M3 - M4
                17.8      21.7    0.610
                                             M3:        2.0        0.4  0.100
                                             M4:       15.8       21.3  0.674
npu0/CTS_4:   preferred: M3 - M4
                 3.8       4.7    0.612
                                             M1:        0.4        0.0  0.000
                                             M2:        0.4        0.0  0.000
                                             M3:        1.6        1.9  0.578
                                             M4:        1.4        2.8  1.000
uart1/clk_tx:   preferred: M3 - M4
                29.8      37.2    0.624
                                             M1:        0.4        0.0  0.000
                                             M2:        0.2        0.0  0.000
                                             M3:       12.6       17.7  0.702
                                             M4:        8.4       10.1  0.598
                                             M5:        1.8        3.1  0.847
                                             M6:        6.4        6.4  0.500
i2c1/CGMaster/CTS_5:   preferred: M3 - M4
                 9.4      11.8    0.626
                                             M1:        0.4        0.0  0.000
                                             M2:        2.2        1.2  0.273
                                             M3:        2.0        2.0  0.512
                                             M4:        0.8        0.8  0.469
                                             M5:        4.0        7.8  0.970
prt2_in[3]:   preferred: M3 - M4
                 3.4       4.3    0.626
                                             M1:        0.3        0.2  0.317
                                             M2:        3.1        4.1  0.657
gpio3/n_152:   preferred: M3 - M4
                15.6      19.6    0.629
                                             M2:        0.2        0.1  0.375
                                             M3:        0.9        0.4  0.213
                                             M4:       14.5       19.1  0.657
spi0/CTS_4:   preferred: M3 - M4
                 2.4       3.1    0.635
                                             M2:        0.6        0.4  0.333
                                             M3:        1.8        2.6  0.736
afe0/n_442:   preferred: M3 - M4
                 7.6       9.7    0.638
                                             M4:        4.6        3.7  0.402
                                             M5:        3.0        6.0  1.000
afe0/n_449:   preferred: M3 - M4
                 6.2       8.0    0.643
                                             M2:        0.6        0.2  0.167
                                             M4:        1.0        0.8  0.425
                                             M5:        0.6        1.2  0.958
                                             M6:        4.0        5.8  0.721
spi1/CTS_8:   preferred: M3 - M4
                 2.2       2.9    0.648
                                             M2:        0.4        0.0  0.000
                                             M3:        0.8        0.8  0.531
                                             M4:        1.0        2.0  1.000
i2c0/CGMaster/n_118:   preferred: M3 - M4
                12.0      15.6    0.648
                                             M2:        1.2        0.0  0.000
                                             M3:        8.0       11.4  0.714
                                             M4:        2.8        4.1  0.736
uart1/CTS_10:   preferred: M3 - M4
                48.7      63.7    0.654
                                             M2:        0.4        0.4  0.500
                                             M3:        0.5        0.0  0.000
                                             M4:       42.4       57.0  0.672
                                             M5:        5.4        6.4  0.588
clk_mem[2]:   preferred: M3 - M4
                 9.2      12.1    0.655
                                             M3:        1.6        2.2  0.703
                                             M4:        7.6        9.8  0.645
system0/CTS_10:   preferred: M3 - M4
                 9.6      12.6    0.655
                                             M1:        0.8        0.0  0.000
                                             M2:        0.8        0.0  0.000
                                             M3:        8.0       12.6  0.786
timer1/clock_source:   preferred: M3 - M4
                13.8      18.1    0.656
                                             M3:        5.6        3.5  0.309
                                             M4:        8.2       14.7  0.893
CTS_35:   preferred: M3 - M4
                 6.4       8.4    0.660
                                             M2:        0.4        0.0  0.000
                                             M3:        3.2        3.2  0.500
                                             M4:        2.8        5.2  0.937
uart1/clk_baud:   preferred: M3 - M4
                31.2      42.5    0.680
                                             M1:        0.4        0.0  0.000
                                             M2:        0.4        0.0  0.000
                                             M3:        4.2        4.9  0.589
                                             M4:       12.6       19.9  0.790
                                             M5:        0.6        0.6  0.500
                                             M6:       13.0       17.0  0.654
uart1/baud_clk_src:   preferred: M3 - M4
                52.5      71.7    0.682
                                             M3:        0.5        0.0  0.000
                                             M4:       39.4       49.1  0.624
                                             M5:       12.6       22.6  0.895
spi0/ClkFlash:   preferred: M3 - M4
                13.6      18.9    0.693
                                             M1:        0.4        0.0  0.000
                                             M3:        9.0       12.2  0.681
                                             M4:        4.2        6.6  0.786
i2c1/CGMaster/CTS_2:   preferred: M3 - M4
                12.4      17.3    0.698
                                             M2:        0.2        0.0  0.000
                                             M3:        0.4        0.4  0.500
                                             M4:        0.6        0.4  0.333
                                             M5:       11.2       16.5  0.737
system0/CTS_2:   preferred: M3 - M4
                 4.6       6.5    0.707
                                             M1:        0.4        0.0  0.000
                                             M3:        3.2        5.3  0.828
                                             M4:        1.0        1.2  0.600
CTS_3:   preferred: M3 - M4
                34.4      48.8    0.708
                                             M2:        1.5        1.9  0.600
                                             M3:        2.9        2.7  0.467
                                             M4:       22.0       36.2  0.823
                                             M5:        8.0        8.0  0.500
uart0/CTS_8:   preferred: M3 - M4
                 3.2       4.6    0.719
                                             M1:        0.4        0.4  0.500
                                             M2:        0.4        0.4  0.500
                                             M3:        1.0        1.0  0.500
                                             M4:        1.4        2.8  1.000
gpio3/n_151:   preferred: M3 - M4
                 5.8       8.3    0.719
                                             M3:        4.6        6.3  0.684
                                             M4:        1.2        2.0  0.854
timer0/CTS_4:   preferred: M3 - M4
                 4.7       6.8    0.720
                                             M3:        4.7        6.8  0.720
afe0/adc_fsm/CTS_2:   preferred: M3 - M4
                25.4      36.7    0.722
                                             M3:        1.6        2.5  0.766
                                             M4:        2.6        0.9  0.173
                                             M5:       13.8       20.7  0.749
                                             M6:        7.4       12.7  0.855
uart0/clk_baud:   preferred: M3 - M4
                18.7      27.0    0.724
                                             M3:       11.5       15.8  0.690
                                             M4:        7.2       11.2  0.778
clk_periph[14]:   preferred: M3 - M4
                50.6      74.1    0.733
                                             M2:        1.4        1.4  0.482
                                             M3:        8.4       12.3  0.735
                                             M4:       27.4       39.4  0.720
                                             M5:       13.4       21.0  0.784
i2c0/CGMaster/Clk:   preferred: M3 - M4
                15.6      22.9    0.734
                                             M1:        0.6        0.0  0.000
                                             M3:        3.0        4.5  0.750
                                             M4:       12.0       18.4  0.767
clk_periph[15]:   preferred: M3 - M4
                73.4     108.0    0.735
                                             M3:       23.6       32.5  0.689
                                             M4:       29.4       52.7  0.896
                                             M5:       20.4       22.8  0.558
CTS_25:   preferred: M3 - M4
               394.8     588.2    0.745
                                             M3:      105.2      190.4  0.905
                                             M4:        0.8        0.8  0.500
                                             M5:      116.8      220.0  0.942
                                             M6:      172.0      177.0  0.515
uart0/CTS_13:   preferred: M3 - M4
                26.0      38.7    0.745
                                             M1:        0.8        0.7  0.422
                                             M2:        3.0        2.2  0.375
                                             M3:        9.8       13.2  0.674
                                             M4:       12.4       22.6  0.911
clk_periph[10]:   preferred: M3 - M4
                72.2     107.8    0.747
                                             M1:        0.4        0.0  0.000
                                             M2:        4.0        1.7  0.214
                                             M3:       13.6       20.4  0.748
                                             M4:       32.8       59.7  0.910
                                             M5:       21.4       26.1  0.610
CTS_40:   preferred: M3 - M4
                77.1     116.4    0.755
                                             M2:        0.4        0.4  0.500
                                             M3:        0.1        0.0  0.000
                                             M4:       28.4       46.6  0.820
                                             M5:       38.4       52.8  0.688
                                             M6:        9.8       16.6  0.847
clk_periph[4]:   preferred: M3 - M4
                30.4      46.0    0.756
                                             M1:        0.4        0.0  0.000
                                             M3:       11.4       12.8  0.562
                                             M4:       18.6       33.2  0.891
timer1/CTS_7:   preferred: M3 - M4
                11.8      17.9    0.758
                                             M2:        2.2        0.9  0.205
                                             M3:        7.0       11.8  0.843
                                             M4:        2.6        5.2  1.000
uart1/CTS_4:   preferred: M3 - M4
                 8.4      13.0    0.771
                                             M1:        0.4        0.0  0.000
                                             M2:        0.4        0.4  0.500
                                             M3:        0.6        0.6  0.500
                                             M4:        7.0       12.0  0.854
clk_hfxt:   preferred: M3 - M4
                45.4      70.5    0.776
                                             M1:        0.4        0.0  0.000
                                             M3:       10.6       18.8  0.887
                                             M4:       22.0       31.2  0.710
                                             M5:       12.4       20.4  0.824
i2c0/CGMaster/ClkDivided:   preferred: M3 - M4
                26.2      40.7    0.777
                                             M3:        0.8        0.6  0.375
                                             M4:       25.4       40.1  0.789
saradc0/CTS_2:   preferred: M3 - M4
                 5.8       9.1    0.784
                                             M2:        0.2        0.0  0.000
                                             M3:        4.8        7.9  0.822
                                             M4:        0.8        1.2  0.750
afe0/adc_fsm/fsm/CTS_4:   preferred: M3 - M4
                 9.6      15.1    0.784
                                             M1:        1.0        0.0  0.000
                                             M3:        1.0        1.2  0.600
                                             M4:        7.6       13.8  0.911
spi1/sck_slave:   preferred: M3 - M4
                11.0      17.4    0.791
                                             M1:        0.4        0.0  0.000
                                             M3:        7.2       11.2  0.778
                                             M4:        3.4        6.2  0.912
uart1/CTS_14:   preferred: M3 - M4
                29.2      46.2    0.791
                                             M2:        0.6        0.4  0.333
                                             M3:       14.8       19.6  0.662
                                             M4:       13.8       26.2  0.949
uart1/RC_CG_HIER_INST306/CTS_1:   preferred: M3 - M4
                10.0      15.9    0.795
                                             M2:        0.2        0.2  0.500
                                             M3:        1.6        2.8  0.875
                                             M4:        8.2       12.9  0.787
timer0/divider_input:   preferred: M3 - M4
                20.8      33.1    0.797
                                             M2:        0.2        0.0  0.000
                                             M3:       10.8       16.9  0.785
                                             M4:        3.6        3.8  0.528
                                             M5:        1.8        3.6  1.000
                                             M6:        4.4        8.8  1.000
clk_lfxt:   preferred: M3 - M4
                61.4      98.0    0.798
                                             M2:        0.2        0.2  0.500
                                             M3:        3.0        2.8  0.467
                                             M4:       29.2       55.7  0.954
                                             M5:       29.0       39.3  0.678
CTS_4:   preferred: M3 - M4
                63.1     101.3    0.802
                                             M2:        0.1        0.1  0.479
                                             M3:        3.0        3.4  0.567
                                             M4:       17.4       34.8  1.000
                                             M5:       42.6       63.0  0.739
CTS_29:   preferred: M3 - M4
               472.4     759.2    0.804
                                             M2:        1.0        0.5  0.225
                                             M3:        2.2        4.0  0.909
                                             M4:        3.4        5.9  0.868
                                             M5:      302.0      585.3  0.969
                                             M6:      163.8      163.6  0.499
system0/CTS_6:   preferred: M3 - M4
                 9.2      14.8    0.807
                                             M3:        1.4        0.8  0.286
                                             M4:        3.2        4.8  0.757
                                             M5:        4.6        9.2  1.000
clk_periph[13]:   preferred: M3 - M4
               109.6     177.4    0.809
                                             M2:        0.2        0.4  1.000
                                             M3:       10.6       10.2  0.483
                                             M4:       72.2      121.1  0.839
                                             M5:       26.6       45.7  0.859
CTS_30:   preferred: M3 - M4
                 4.2       6.8    0.810
                                             M2:        0.2        0.0  0.000
                                             M3:        0.6        0.0  0.000
                                             M4:        3.4        6.8  1.000
clk_periph[0]:   preferred: M3 - M4
                87.0     140.9    0.810
                                             M2:        0.4        0.4  0.500
                                             M3:       43.0       60.5  0.703
                                             M4:       14.6       27.2  0.933
                                             M5:       29.0       52.8  0.910
CTS_42:   preferred: M3 - M4
                 9.0      14.7    0.816
                                             M3:        5.2        8.1  0.778
                                             M4:        3.8        6.6  0.868
i2c1/ClkMaster:   preferred: M3 - M4
                50.6      82.9    0.819
                                             M2:        0.2        0.0  0.000
                                             M3:       14.8       16.4  0.556
                                             M4:       17.0       30.8  0.905
                                             M5:       10.0       18.4  0.922
                                             M6:        8.6       17.2  1.000
i2c1/CGMaster/Clk:   preferred: M3 - M4
                15.4      25.3    0.821
                                             M1:        0.4        0.0  0.000
                                             M3:        1.0        1.0  0.500
                                             M4:        1.6        2.8  0.875
                                             M5:        6.0        8.7  0.725
                                             M6:        6.4       12.8  1.000
timer1/CTS_3:   preferred: M3 - M4
                36.4      60.0    0.824
                                             M2:        0.2        0.0  0.000
                                             M3:        7.6       10.8  0.714
                                             M4:       28.6       49.1  0.859
spi1/clk_baud:   preferred: M3 - M4
                97.8     162.1    0.829
                                             M1:        0.4        0.0  0.000
                                             M2:        1.0        0.4  0.200
                                             M3:       17.8       25.1  0.704
                                             M4:       70.4      120.4  0.855
                                             M5:        8.2       16.2  0.988
i2c0/ClkMaster:   preferred: M3 - M4
                52.0      86.4    0.831
                                             M1:        0.4        0.0  0.000
                                             M3:        4.0        4.2  0.525
                                             M4:       29.0       48.2  0.830
                                             M5:       18.6       34.0  0.915
timer0/clk_mux/ClkGated[0]:   preferred: M3 - M4
               179.8     300.2    0.835
                                             M2:        0.4        0.0  0.000
                                             M3:       14.4       14.5  0.504
                                             M4:        6.8        7.6  0.556
                                             M5:      152.8      273.1  0.894
                                             M6:        5.4        5.0  0.468
core/CTS_2:   preferred: M3 - M4
                55.0      91.9    0.836
                                             M3:        0.6        0.6  0.500
                                             M4:       54.4       91.3  0.839
adddec0/CTS_4:   preferred: M3 - M4
                 2.8       4.8    0.850
                                             M1:        0.4        0.0  0.000
                                             M3:        2.4        4.8  0.992
CTS_39:   preferred: M3 - M4
               441.2     752.4    0.853
                                             M3:       21.0       34.6  0.824
                                             M4:       74.2       96.1  0.648
                                             M5:      346.0      621.7  0.898
CTS_13:   preferred: M3 - M4
                 4.2       7.2    0.857
                                             M1:        0.4        0.0  0.000
                                             M2:        0.2        0.2  0.500
                                             M3:        0.2        0.2  0.500
                                             M4:        3.4        6.8  1.000
uart0/CTS_7:   preferred: M3 - M4
                73.0     125.2    0.857
                                             M2:        0.2        0.0  0.000
                                             M3:       25.0       39.3  0.786
                                             M4:       33.0       56.3  0.852
                                             M5:       14.8       29.6  1.000
system0/CTS_11:   preferred: M3 - M4
                10.0      17.2    0.861
                                             M2:        0.8        0.4  0.225
                                             M3:        0.6        0.4  0.333
                                             M4:        8.6       16.4  0.956
clk_periph[9]:   preferred: M3 - M4
               330.4     570.6    0.864
                                             M2:        3.0        2.4  0.399
                                             M3:       41.4       52.7  0.636
                                             M4:      161.8      296.0  0.915
                                             M5:      124.2      219.6  0.884
adddec0/CTS_1:   preferred: M3 - M4
               178.4     308.7    0.865
                                             M4:       44.0       68.9  0.783
                                             M5:      134.4      239.7  0.892
dtp1_out:   preferred: M3 - M4
                17.0      29.6    0.871
                                             M2:        0.1        0.0  0.000
                                             M3:        0.5        0.4  0.350
                                             M4:        1.2        0.0  0.000
                                             M6:       15.2       29.2  0.962
clk_periph[5]:   preferred: M3 - M4
                48.2      84.1    0.872
                                             M2:        0.4        0.0  0.000
                                             M3:       23.4       35.3  0.754
                                             M4:       24.4       48.8  1.000
spi1/clk_baud_src:   preferred: M3 - M4
                12.0      21.1    0.877
                                             M3:        9.0       15.8  0.881
                                             M4:        3.0        5.2  0.867
CTS_6:   preferred: M3 - M4
               124.6     219.7    0.882
                                             M1:        0.4        0.0  0.000
                                             M2:        0.2        0.2  0.500
                                             M3:        3.8        4.6  0.611
                                             M4:       59.2      113.9  0.962
                                             M5:       61.0      101.0  0.828
timer1/clk_mux/ClkGated[2]:   preferred: M3 - M4
               198.0     350.0    0.884
                                             M1:        0.4        0.0  0.000
                                             M2:        2.4        1.5  0.312
                                             M3:        0.8        1.4  0.875
                                             M4:        3.6        5.2  0.722
                                             M5:      189.4      341.3  0.901
                                             M6:        1.4        0.7  0.232
timer1/clk_mux/ClkGated[0]:   preferred: M3 - M4
               219.6     388.4    0.884
                                             M2:        0.4        0.0  0.000
                                             M3:        1.0        0.2  0.100
                                             M4:        1.8        1.8  0.500
                                             M5:      181.6      322.9  0.889
                                             M6:       24.4       42.6  0.874
                                             M7:       10.4       20.8  1.000
CTS_36:   preferred: M3 - M4
               327.2     579.3    0.885
                                             M2:        0.8        1.1  0.688
                                             M3:        8.6        7.8  0.452
                                             M4:        7.2        3.5  0.246
                                             M5:      269.4      491.6  0.912
                                             M6:       39.6       72.1  0.910
                                             M7:        1.6        3.2  1.000
uart1/CTS_7:   preferred: M3 - M4
                44.8      79.4    0.886
                                             M1:        0.4        0.0  0.000
                                             M3:        1.0        1.6  0.800
                                             M4:       25.4       43.3  0.852
                                             M5:       18.0       34.5  0.957
CTS_26:   preferred: M3 - M4
                71.6     126.9    0.886
                                             M2:        0.2        0.0  0.000
                                             M3:        9.8       10.5  0.533
                                             M4:       18.4       31.6  0.860
                                             M5:       43.2       84.8  0.981
CTS_37:   preferred: M3 - M4
                70.6     125.6    0.889
                                             M3:       13.4       13.8  0.514
                                             M4:       15.8       31.2  0.987
                                             M5:       41.4       80.6  0.973
CTS_15:   preferred: M3 - M4
                 4.6       8.2    0.891
                                             M1:        0.6        0.6  0.500
                                             M3:        0.6        1.2  1.000
                                             M4:        3.4        6.4  0.941
CTS_21:   preferred: M3 - M4
               395.4     704.9    0.891
                                             M3:        0.4        0.8  1.000
                                             M4:       21.8       30.2  0.693
                                             M5:      373.2      673.9  0.903
CTS_32:   preferred: M3 - M4
               201.7     359.9    0.892
                                             M2:        1.7        0.2  0.049
                                             M3:        2.6        1.9  0.356
                                             M4:       24.2       41.3  0.853
                                             M5:      162.8      302.7  0.930
                                             M6:       10.4       14.0  0.671
spi1/CTS_6:   preferred: M3 - M4
                 3.8       6.8    0.895
                                             M3:        0.4        0.0  0.000
                                             M4:        3.4        6.8  1.000
clk_periph[7]:   preferred: M3 - M4
               207.4     371.5    0.896
                                             M2:        0.4        0.0  0.000
                                             M3:       41.2       65.7  0.798
                                             M4:      119.0      234.1  0.984
                                             M5:       46.8       71.7  0.766
core/CTS_4:   preferred: M3 - M4
               299.4     537.0    0.897
                                             M1:        0.4        0.0  0.000
                                             M2:        1.6        1.6  0.500
                                             M3:       46.6       54.8  0.588
                                             M4:      118.8      223.4  0.940
                                             M5:      132.0      257.2  0.974
uart0/CTS_11:   preferred: M3 - M4
                11.4      20.4    0.897
                                             M2:        0.6        0.0  0.000
                                             M3:        2.2        3.2  0.739
                                             M4:        8.6       17.2  1.000
CTS_22:   preferred: M3 - M4
                16.2      29.1    0.897
                                             M1:        0.4        0.4  0.500
                                             M2:        0.4        0.0  0.000
                                             M3:       15.4       28.7  0.931
timer1/clk_mux/ClkGated[3]:   preferred: M3 - M4
               198.2     356.3    0.899
                                             M3:       19.8       30.6  0.774
                                             M4:       21.6       31.4  0.726
                                             M5:      156.8      294.3  0.939
timer1/clk_mux/ClkGated[1]:   preferred: M3 - M4
               194.8     351.1    0.901
                                             M2:        0.8        0.8  0.500
                                             M3:        1.8        2.6  0.736
                                             M4:        9.2       13.1  0.710
                                             M5:      183.0      334.6  0.914
CTS_1:   preferred: M3 - M4
                86.4     155.7    0.901
                                             M2:        1.8        0.1  0.042
                                             M3:        2.0        1.7  0.412
                                             M4:        2.8        5.2  0.938
                                             M5:       46.0       91.2  0.991
                                             M6:       33.8       57.5  0.851
core/CTS_3:   preferred: M3 - M4
               157.0     283.2    0.902
                                             M2:        0.2        0.4  1.000
                                             M3:        7.0       11.9  0.850
                                             M4:        8.4       16.0  0.952
                                             M5:      141.4      254.9  0.901
timer0/clk_mux/ClkGated[2]:   preferred: M3 - M4
               170.0     306.8    0.902
                                             M1:        0.4        0.0  0.000
                                             M2:        0.2        0.0  0.000
                                             M3:        4.0        6.8  0.850
                                             M4:        8.0       14.8  0.928
                                             M5:      157.4      285.2  0.906
timer1/n_129:   preferred: M3 - M4
                 5.4       9.8    0.904
                                             M3:        0.8        1.6  1.000
                                             M4:        4.6        8.2  0.887
afe0/CTS_2:   preferred: M3 - M4
                14.1      25.4    0.905
                                             M1:        1.2        0.6  0.250
                                             M3:        0.4        0.8  1.000
                                             M4:        8.2       15.6  0.952
                                             M5:        4.2        8.4  1.000
uart0/CTS_10:   preferred: M3 - M4
                 8.2      14.8    0.905
                                             M2:        0.2        0.4  1.000
                                             M3:        3.4        5.2  0.771
                                             M4:        4.6        9.2  1.000
clk_periph[2]:   preferred: M3 - M4
               112.8     204.3    0.906
                                             M1:        0.4        0.0  0.000
                                             M2:        0.2        0.2  0.500
                                             M3:       30.6       47.7  0.779
                                             M4:       51.8       96.8  0.934
                                             M5:       29.8       59.6  1.000
timer0/clk_mux/ClkGated[1]:   preferred: M3 - M4
               169.6     307.8    0.907
                                             M2:        0.2        0.0  0.000
                                             M3:       30.2       53.6  0.888
                                             M4:       11.8       17.4  0.739
                                             M5:      127.4      236.7  0.929
timer0/clk_mux/ClkGated[3]:   preferred: M3 - M4
               161.6     293.4    0.908
                                             M3:        1.2        2.2  0.917
                                             M4:       10.0       13.6  0.680
                                             M5:      150.4      277.6  0.923
core/CTS_5:   preferred: M3 - M4
               540.0     982.2    0.909
                                             M3:       13.8       17.1  0.619
                                             M4:      207.0      373.2  0.901
                                             M5:      319.2      591.9  0.927
spi0/clk_baud:   preferred: M3 - M4
                81.4     148.1    0.910
                                             M3:       14.4       23.5  0.817
                                             M4:       19.8       37.2  0.939
                                             M5:       35.6       64.2  0.902
                                             M6:       11.6       23.2  1.000
clk_periph[3]:   preferred: M3 - M4
                67.2     122.4    0.910
                                             M1:        0.4        0.0  0.000
                                             M2:        0.2        0.0  0.000
                                             M3:        8.2       13.0  0.793
                                             M4:       32.4       59.9  0.924
                                             M5:       26.0       49.5  0.952
prt1_in[3]:   preferred: M3 - M4
                13.7      24.9    0.911
                                             M2:        1.9        2.4  0.649
                                             M3:        5.0        8.9  0.890
                                             M4:        6.8       13.6  1.000
clk_periph[12]:   preferred: M3 - M4
               823.0    1502.0    0.913
                                             M1:        0.4        0.0  0.000
                                             M2:        1.8        1.2  0.333
                                             M3:       52.0       81.9  0.788
                                             M4:      137.8      236.0  0.856
                                             M5:      589.8     1102.8  0.935
                                             M6:       27.4       53.6  0.978
                                             M7:       13.8       26.6  0.962
clk_periph[8]:   preferred: M3 - M4
                80.4     146.8    0.913
                                             M3:        3.8        3.8  0.506
                                             M4:       33.6       62.7  0.933
                                             M5:       43.0       80.3  0.934
timer0/CTS_3:   preferred: M3 - M4
               364.8     666.2    0.913
                                             M3:        2.0        2.0  0.512
                                             M4:       91.8      172.9  0.942
                                             M5:      271.0      491.2  0.906
adddec0/CTS_5:   preferred: M3 - M4
              1266.2    2318.4    0.916
                                             M2:        1.0        1.0  0.500
                                             M3:       83.0      141.4  0.852
                                             M4:      441.4      818.4  0.927
                                             M5:      604.2     1094.1  0.905
                                             M6:      134.2      258.8  0.964
                                             M7:        2.4        4.8  1.000
clk_periph[11]:   preferred: M3 - M4
                17.1      31.4    0.916
                                             M2:        0.7        0.6  0.379
                                             M3:        2.6        3.4  0.656
                                             M4:       13.8       27.4  0.993
uart0/baud_clk_src:   preferred: M3 - M4
                24.8      45.5    0.916
                                             M1:        0.4        0.0  0.000
                                             M3:        3.0        3.5  0.575
                                             M4:        5.8       10.8  0.931
                                             M5:       15.6       31.2  1.000
CTS_27:   preferred: M3 - M4
               200.6     367.7    0.917
                                             M4:       22.6       40.3  0.891
                                             M5:      178.0      327.4  0.920
CTS_19:   preferred: M3 - M4
               331.6     608.0    0.917
                                             M2:        0.6        0.4  0.292
                                             M3:        3.4        2.3  0.338
                                             M4:       97.4      178.0  0.914
                                             M5:      230.2      427.3  0.928
CTS_14:   preferred: M3 - M4
                 8.0      14.7    0.919
                                             M1:        0.4        0.0  0.000
                                             M3:        1.0        2.0  1.000
                                             M4:        6.6       12.7  0.962
CTS_5:   preferred: M3 - M4
               200.6     369.9    0.922
                                             M1:        0.4        0.4  0.500
                                             M2:        0.2        0.0  0.000
                                             M3:        4.8        9.0  0.933
                                             M4:      107.4      203.5  0.947
                                             M5:       87.8      157.1  0.894
adddec0/CTS_2:   preferred: M3 - M4
                 7.4      13.7    0.922
                                             M2:        1.4        2.8  1.000
                                             M3:        6.0       10.8  0.904
adddec0/clk_neg:   preferred: M3 - M4
               181.4     337.5    0.930
                                             M3:        1.0        0.8  0.425
                                             M4:       39.4       73.1  0.928
                                             M5:      141.0      263.5  0.934
clk_periph[6]:   preferred: M3 - M4
               185.0     344.8    0.932
                                             M2:        1.6        1.4  0.453
                                             M3:       23.8       36.4  0.765
                                             M4:      102.8      199.1  0.969
                                             M5:       56.8      107.8  0.949
CTS_24:   preferred: M3 - M4
                65.4     122.3    0.935
                                             M2:        0.1        0.0  0.000
                                             M3:        0.1        0.1  0.250
                                             M4:       32.6       62.8  0.963
                                             M5:       32.6       59.5  0.913
timer1/CTS_4:   preferred: M3 - M4
               328.2     614.0    0.935
                                             M2:        1.6        1.6  0.500
                                             M3:        6.2        8.4  0.681
                                             M4:       25.4       48.0  0.945
                                             M5:      295.0      555.9  0.942
gpio0/CTS_2:   preferred: M3 - M4
               333.0     623.0    0.935
                                             M1:        0.8        0.0  0.000
                                             M3:        7.6       14.4  0.947
                                             M4:       17.6       34.0  0.965
                                             M5:      307.0      574.7  0.936
CTS_9:   preferred: M3 - M4
               713.6    1338.8    0.938
                                             M3:        0.6        0.4  0.333
                                             M4:       37.6       73.3  0.975
                                             M5:      675.4     1265.0  0.936
CTS_18:   preferred: M3 - M4
               636.2    1193.8    0.938
                                             M1:        0.4        0.0  0.000
                                             M2:        0.6        1.2  1.000
                                             M3:       16.8       26.9  0.800
                                             M4:      213.0      414.9  0.974
                                             M5:      405.4      750.8  0.926
smclk:   preferred: M3 - M4
                49.2      92.6    0.940
                                             M1:        0.4        0.0  0.000
                                             M2:        0.4        0.2  0.238
                                             M3:        2.6        2.5  0.471
                                             M4:       11.8       23.4  0.990
                                             M5:        8.0       14.8  0.925
                                             M6:       18.2       36.2  0.993
                                             M7:        7.8       15.6  1.000
npu0/NpuClk:   preferred: M3 - M4
               174.8     330.8    0.946
                                             M1:        0.4        0.0  0.000
                                             M2:        0.4        0.0  0.000
                                             M3:        4.2        5.0  0.595
                                             M4:       44.2       88.4  1.000
                                             M5:      125.6      237.4  0.945
spi1/CTS_2:   preferred: M3 - M4
               208.8     396.2    0.949
                                             M3:        5.0        8.4  0.840
                                             M4:       73.4      144.9  0.987
                                             M5:      130.4      242.9  0.931
clk_cpu:   preferred: M3 - M4
               106.6     203.0    0.952
                                             M1:        0.4        0.0  0.000
                                             M2:        1.0        0.7  0.325
                                             M3:        1.2        1.1  0.458
                                             M4:       94.0      181.3  0.964
                                             M5:       10.0       20.0  1.000
adddec0/CTS_6:   preferred: M3 - M4
                 2.2       4.2    0.955
                                             M3:        2.2        4.2  0.955
clk_periph[1]:   preferred: M3 - M4
                62.2     118.9    0.955
                                             M3:        3.0        3.2  0.533
                                             M4:       33.8       66.1  0.978
                                             M5:       25.4       49.6  0.975
CTS_31:   preferred: M3 - M4
               250.6     480.5    0.959
                                             M2:        0.6        0.6  0.500
                                             M3:        3.0        3.0  0.500
                                             M4:       19.6       37.8  0.965
                                             M5:      227.4      439.1  0.965
spi0/sck_slave:   preferred: M3 - M4
                20.0      38.9    0.971
                                             M2:        1.0        1.2  0.625
                                             M3:        0.6        0.8  0.667
                                             M4:       18.4       36.8  1.000
gpio1/CTS_2:   preferred: M3 - M4
               428.2     832.2    0.972
                                             M2:        0.2        0.4  1.000
                                             M4:        0.2        0.4  1.000
                                             M5:      171.8      319.4  0.930
                                             M6:      256.0      512.0  1.000
CTS_7:   preferred: M3 - M4
                45.4      88.8    0.978
                                             M2:        1.2        1.8  0.750
                                             M3:        3.8        6.2  0.822
                                             M4:       40.4       80.8  1.000
CTS_23:   preferred: M3 - M4
               342.8     674.0    0.983
                                             M1:        0.4        0.0  0.000
                                             M3:      148.2      294.9  0.995
                                             M4:      159.8      316.0  0.989
                                             M5:       34.4       63.1  0.917
CTS_10:   preferred: M3 - M4
               599.8    1193.9    0.995
                                             M3:        1.2        2.0  0.833
                                             M4:        4.4        6.7  0.761
                                             M5:      288.2      573.2  0.994
                                             M6:      306.0      612.0  1.000
CTS_11:   preferred: M3 - M4
                38.6      77.0    0.998
                                             M2:        0.2        0.4  1.000
                                             M3:        3.0        6.0  1.000
                                             M4:        4.0        7.9  0.981
                                             M5:       31.4       62.8  1.000
timer1/CTS_2:   preferred: M3 - M4
                 7.2      14.4    1.000
                                             M3:        2.8        5.6  1.000
                                             M4:        4.4        8.8  1.000
-------------------------------------------------------------------------------

 Average ratio:                   0.881
                                             M1:          0.2        0.0  0.108
                                             M2:          0.6        0.3  0.288
                                             M3:          7.1       10.3  0.729
                                             M4:         20.1       35.5  0.882
                                             M5:         45.8       84.3  0.920
                                             M6:          6.3       10.5  0.840
                                             M7:          0.2        0.3  0.985


