-------------------------------------------------------------------------------
Name     : Shielded net name
Length   : Shielded net length
Shield   : Total length of shielding wire
Ratio    : Average shielding ratio
-------------------------------------------------------------------------------
Name          Length    Shield    Ratio   
                                         Layer:      Length     Shield  Ratio
-------------------------------------------------------------------------------
saradc0/CTS_2:   preferred: M3 - M4
                 0.8       0.0    0.000
                                             M1:        0.8        0.0  0.000
uart0/CTS_2:   preferred: M3 - M4
                 0.8       0.0    0.000
                                             M1:        0.8        0.0  0.000
timer0/CTS_7:   preferred: M3 - M4
                 0.8       0.0    0.000
                                             M1:        0.8        0.0  0.000
uart1/CTS_10:   preferred: M3 - M4
                 0.8       0.0    0.000
                                             M1:        0.8        0.0  0.000
uart1/CTS_2:   preferred: M3 - M4
                 0.8       0.0    0.000
                                             M1:        0.8        0.0  0.000
uart1/CTS_4:   preferred: M3 - M4
                 1.0       0.0    0.000
                                             M1:        1.0        0.0  0.000
spi0/CTS_6:   preferred: M3 - M4
                 1.2       0.0    0.000
                                             M3:        1.2        0.0  0.000
uart0/CTS_6:   preferred: M3 - M4
                 1.7       0.0    0.000
                                             M3:        0.9        0.0  0.000
                                             M4:        0.8        0.0  0.000
npu0/CTS_4:   preferred: M3 - M4
                 2.4       0.0    0.000
                                             M1:        0.4        0.0  0.000
                                             M2:        0.6        0.0  0.000
                                             M3:        1.4        0.0  0.000
i2c0/CTS_2:   preferred: M3 - M4
                 2.6       0.1    0.010
                                             M1:        0.4        0.0  0.000
                                             M2:        1.4        0.0  0.000
                                             M3:        0.8        0.1  0.031
system0/smclk_mux/CTS_2:   preferred: M3 - M4
                 2.8       0.1    0.018
                                             M1:        0.4        0.0  0.000
                                             M3:        2.4        0.1  0.021
uart1/CTS_8:   preferred: M3 - M4
                 5.6       0.8    0.076
                                             M2:        4.0        0.8  0.106
                                             M3:        1.6        0.0  0.000
timer1/CTS_5:   preferred: M3 - M4
                 4.3       0.7    0.083
                                             M2:        3.3        0.0  0.000
                                             M3:        1.0        0.7  0.360
i2c1/CGMaster/CTS_3:   preferred: M3 - M4
                 2.2       0.4    0.091
                                             M1:        0.4        0.0  0.000
                                             M2:        0.4        0.4  0.500
                                             M3:        1.4        0.0  0.000
i2c1/CGMaster/CTS_5:   preferred: M3 - M4
                 4.7       1.0    0.102
                                             M2:        0.2        0.0  0.000
                                             M3:        4.5        1.0  0.106
afe0/n_506:   preferred: M3 - M4
                 1.6       0.4    0.125
                                             M1:        0.4        0.4  0.500
                                             M2:        1.2        0.0  0.000
afe0/n_499:   preferred: M3 - M4
                 3.6       1.0    0.132
                                             M2:        3.6        1.0  0.132
timer1/CTS_2:   preferred: M3 - M4
                 2.2       0.7    0.148
                                             M1:        0.4        0.0  0.000
                                             M2:        1.0        0.0  0.000
                                             M3:        0.8        0.7  0.406
uart0/CTS_8:   preferred: M3 - M4
                 2.0       0.6    0.150
                                             M2:        0.6        0.6  0.500
                                             M3:        1.4        0.0  0.000
i2c1/CTS_2:   preferred: M3 - M4
                 2.0       0.8    0.200
                                             M2:        0.8        0.0  0.000
                                             M3:        0.4        0.2  0.250
                                             M4:        0.8        0.6  0.375
system0/CTS_12:   preferred: M3 - M4
                 1.6       0.7    0.203
                                             M2:        0.4        0.1  0.062
                                             M3:        1.2        0.6  0.250
afe0/adc_fsm/fsm/CTS_2:   preferred: M3 - M4
                18.0       7.7    0.213
                                             M1:        0.4        0.0  0.000
                                             M3:        4.6        3.4  0.370
                                             M4:        6.0        0.6  0.050
                                             M5:        7.0        3.6  0.261
system0/CTS_14:   preferred: M3 - M4
                 3.2       1.4    0.219
                                             M2:        1.8        0.0  0.000
                                             M3:        1.4        1.4  0.500
timer0/CTS_6:   preferred: M3 - M4
                 2.4       1.1    0.219
                                             M2:        1.0        0.0  0.000
                                             M3:        1.4        1.1  0.375
CTS_42:   preferred: M3 - M4
                18.9       8.8    0.231
                                             M1:        0.8        0.0  0.000
                                             M2:        0.7        0.0  0.000
                                             M3:        3.2        0.5  0.078
                                             M4:       14.2        8.3  0.291
afe0/n_445:   preferred: M3 - M4
                 5.4       2.7    0.246
                                             M2:        0.6        0.1  0.042
                                             M3:        2.8        2.4  0.430
                                             M4:        0.2        0.2  0.500
                                             M5:        1.8        0.0  0.000
CTS_3:   preferred: M3 - M4
                 1.4       0.8    0.286
                                             M1:        0.4        0.0  0.000
                                             M3:        1.0        0.8  0.400
afe0/n_503:   preferred: M3 - M4
                 2.0       1.2    0.288
                                             M1:        0.4        0.4  0.500
                                             M2:        0.2        0.1  0.375
                                             M3:        1.4        0.6  0.214
CTS_15:   preferred: M3 - M4
                 3.0       2.0    0.342
                                             M2:        0.6        0.0  0.000
                                             M3:        1.2        0.0  0.000
                                             M4:        1.2        2.0  0.854
i2c1/CGMaster/CTS_2:   preferred: M3 - M4
                 1.8       1.2    0.346
                                             M1:        0.4        0.0  0.056
                                             M3:        1.4        1.2  0.429
uart1/CTS_12:   preferred: M3 - M4
                 9.6       7.0    0.367
                                             M1:        0.4        0.0  0.000
                                             M2:        1.2        0.0  0.000
                                             M3:        2.2        1.2  0.284
                                             M4:        5.8        5.8  0.500
i2c0/CGMaster/CTS_5:   preferred: M3 - M4
                 6.5       4.9    0.372
                                             M2:        0.4        0.4  0.500
                                             M3:        3.7        2.9  0.383
                                             M4:        2.4        1.6  0.333
timer0/CTS_2:   preferred: M3 - M4
                 1.4       1.1    0.389
                                             M1:        1.4        1.1  0.389
afe0/n_440:   preferred: M3 - M4
                 6.8       5.4    0.394
                                             M2:        0.8        0.0  0.000
                                             M3:        1.2        0.6  0.233
                                             M4:        4.8        4.8  0.500
afe0/n_446:   preferred: M3 - M4
                10.0       7.9    0.397
                                             M3:        2.4        1.0  0.218
                                             M4:        7.6        6.9  0.454
saradc0/n_431_BAR:   preferred: M3 - M4
                 2.4       1.9    0.405
                                             M1:        0.4        0.0  0.000
                                             M2:        0.2        0.2  0.500
                                             M3:        1.8        1.7  0.485
i2c1/CGMaster/n_118:   preferred: M3 - M4
                 4.6       3.8    0.413
                                             M2:        0.6        0.0  0.000
                                             M3:        0.2        0.0  0.000
                                             M4:        3.8        3.8  0.500
uart0/CTS_4:   preferred: M3 - M4
                 1.8       1.5    0.414
                                             M1:        1.8        1.5  0.414
dtp1_out:   preferred: M3 - M4
                 6.0       5.0    0.417
                                             M3:        0.8        0.0  0.000
                                             M5:        1.6        0.2  0.062
                                             M6:        3.6        4.8  0.667
system0/CTS_2:   preferred: M3 - M4
                11.0       9.6    0.435
                                             M1:        0.4        0.0  0.000
                                             M2:        0.4        0.2  0.250
                                             M3:        5.2        4.0  0.385
                                             M4:        5.0        5.4  0.538
spi0/CTS_10:   preferred: M3 - M4
                 1.6       1.4    0.438
                                             M1:        0.4        0.0  0.000
                                             M2:        0.4        0.2  0.250
                                             M3:        0.8        1.2  0.750
afe0/n_447:   preferred: M3 - M4
                 2.0       1.8    0.450
                                             M3:        2.0        1.8  0.450
CTS_20:   preferred: M3 - M4
                 2.0       1.9    0.463
                                             M3:        2.0        1.9  0.463
CTS_26:   preferred: M3 - M4
                 5.0       4.9    0.484
                                             M2:        2.2        3.2  0.727
                                             M3:        1.0        1.0  0.483
                                             M4:        1.8        0.7  0.186
system0/CTS_8:   preferred: M3 - M4
                 1.6       1.6    0.500
                                             M2:        0.2        0.2  0.500
                                             M3:        1.4        1.4  0.500
CTS_7:   preferred: M3 - M4
                 7.0       7.2    0.518
                                             M2:        0.4        0.4  0.500
                                             M3:        3.4        2.2  0.331
                                             M4:        3.2        4.6  0.719
spi1/CTS_8:   preferred: M3 - M4
                 6.8       7.1    0.522
                                             M1:        0.4        0.4  0.500
                                             M2:        0.6        0.6  0.458
                                             M3:        2.0        1.7  0.412
                                             M4:        2.2        2.9  0.659
                                             M5:        1.6        1.6  0.500
spi1/CTS_4:   preferred: M3 - M4
                 5.6       6.1    0.549
                                             M2:        2.0        2.4  0.611
                                             M3:        3.6        3.7  0.514
smclk:   preferred: M3 - M4
                37.0      42.7    0.577
                                             M1:        0.4        0.0  0.000
                                             M2:        1.6        0.2  0.062
                                             M3:       10.0       14.2  0.709
                                             M4:       19.4       17.2  0.444
                                             M5:        5.6       11.1  0.987
afe0/n_442:   preferred: M3 - M4
                 4.0       4.6    0.577
                                             M2:        0.4        0.0  0.000
                                             M3:        0.4        0.0  0.000
                                             M4:        3.2        4.6  0.713
afe0/CTS_2:   preferred: M3 - M4
                 3.2       3.7    0.578
                                             M2:        0.8        0.4  0.250
                                             M3:        2.4        3.3  0.688
i2c0/CGMaster/CTS_2:   preferred: M3 - M4
                10.8      12.8    0.590
                                             M2:        0.2        0.0  0.000
                                             M4:        0.4        0.8  1.000
                                             M5:       10.2       12.0  0.586
afe0/n_443:   preferred: M3 - M4
                 4.4       5.2    0.597
                                             M2:        0.4        0.0  0.000
                                             M3:        1.8        0.8  0.236
                                             M4:        2.2        4.4  1.000
clk_lfxt:   preferred: M3 - M4
                51.8      62.2    0.600
                                             M1:        0.8        0.0  0.000
                                             M2:        0.6        0.7  0.576
                                             M3:       22.6       24.5  0.543
                                             M4:       18.4       28.3  0.769
                                             M5:        9.4        8.7  0.460
timer1/CTS_7:   preferred: M3 - M4
                 4.2       5.0    0.601
                                             M1:        0.6        0.0  0.000
                                             M2:        0.2        0.0  0.000
                                             M3:        3.4        5.0  0.742
uart0/baud_clk_src:   preferred: M3 - M4
                18.8      22.7    0.603
                                             M1:        0.4        0.0  0.000
                                             M2:        0.6        0.8  0.708
                                             M3:        5.6        5.1  0.455
                                             M4:        3.8        4.3  0.564
                                             M5:        5.2        9.2  0.889
                                             M6:        3.2        3.2  0.500
gpio3/n_144:   preferred: M3 - M4
                23.2      28.2    0.609
                                             M2:        0.4        0.0  0.000
                                             M3:        4.6        2.8  0.304
                                             M4:       18.2       25.4  0.699
afe0/n_444:   preferred: M3 - M4
                 5.0       6.1    0.610
                                             M1:        0.4        0.0  0.000
                                             M3:        0.4        0.4  0.500
                                             M4:        4.2        5.7  0.679
system0/CTS_6:   preferred: M3 - M4
                13.0      16.0    0.615
                                             M2:        0.8        0.2  0.156
                                             M3:        7.6        7.3  0.483
                                             M4:        4.6        8.4  0.913
i2c0/CGMaster/n_88:   preferred: M3 - M4
                 5.2       6.4    0.615
                                             M2:        3.4        3.2  0.471
                                             M3:        1.8        3.2  0.889
uart0/CTS_11:   preferred: M3 - M4
                27.9      34.5    0.618
                                             M1:        0.4        0.4  0.500
                                             M3:       14.3       17.5  0.610
                                             M4:       13.2       16.6  0.629
CTS_39:   preferred: M3 - M4
                 5.0       6.2    0.621
                                             M1:        0.4        0.0  0.000
                                             M3:        1.0        0.4  0.200
                                             M4:        3.6        5.8  0.807
CTS_44:   preferred: M3 - M4
                26.5      33.4    0.630
                                             M2:        0.4        0.2  0.256
                                             M3:       17.7       19.0  0.536
                                             M4:        8.4       14.2  0.845
uart0/clk_baud:   preferred: M3 - M4
                24.8      31.3    0.631
                                             M1:        0.4        0.0  0.000
                                             M2:        0.8        1.0  0.625
                                             M3:        2.2        1.2  0.273
                                             M4:       15.6       24.0  0.770
                                             M5:        2.0        1.1  0.263
                                             M6:        3.8        4.0  0.526
CTS_48:   preferred: M3 - M4
                 9.4      12.0    0.638
                                             M3:        1.8        1.8  0.500
                                             M4:        3.8        2.6  0.342
                                             M5:        3.8        7.6  1.000
i2c0/CGMaster/Clk:   preferred: M3 - M4
                14.0      18.0    0.644
                                             M1:        1.2        1.0  0.433
                                             M3:        1.4        1.4  0.500
                                             M4:        7.8       15.6  1.000
                                             M5:        3.6        0.0  0.000
prt1_in[3]:   preferred: M3 - M4
                24.5      31.8    0.650
                                             M1:        1.0        0.0  0.000
                                             M2:        0.5        0.7  0.706
                                             M3:        4.4        7.0  0.795
                                             M4:       10.2       15.2  0.745
                                             M5:        8.4        9.0  0.533
CTS_24:   preferred: M3 - M4
                 1.6       2.1    0.655
                                             M2:        0.2        0.2  0.500
                                             M3:        1.4        1.9  0.677
uart1/clk_baud:   preferred: M3 - M4
                12.2      16.1    0.658
                                             M1:        0.8        0.4  0.250
                                             M2:        1.8        0.8  0.208
                                             M3:        1.2        2.0  0.854
                                             M4:        2.8        1.9  0.330
                                             M5:        5.6       11.0  0.982
i2c1/CGMaster/n_88:   preferred: M3 - M4
                 6.0       7.9    0.660
                                             M3:        2.4        3.1  0.646
                                             M4:        3.6        4.8  0.669
timer1/divider_input:   preferred: M3 - M4
                11.0      14.8    0.673
                                             M1:        0.4        0.0  0.000
                                             M2:        0.2        0.2  0.625
                                             M3:       10.4       14.6  0.700
CTS_33:   preferred: M3 - M4
               292.2     401.7    0.687
                                             M3:       78.4      143.3  0.914
                                             M5:       45.8       77.5  0.846
                                             M6:      168.0      181.0  0.539
spi0/CTS_4:   preferred: M3 - M4
                 6.0       8.2    0.688
                                             M2:        1.2        2.4  1.000
                                             M3:        4.8        5.9  0.609
clk_periph[4]:   preferred: M3 - M4
                39.4      54.2    0.688
                                             M1:        0.4        0.0  0.000
                                             M2:        0.4        0.2  0.250
                                             M3:       15.2       22.0  0.725
                                             M4:       23.4       31.9  0.683
CTS_16:   preferred: M3 - M4
                14.7      20.6    0.697
                                             M2:        0.6        0.4  0.339
                                             M3:        5.8        8.0  0.691
                                             M4:        8.4       12.2  0.726
dtp3_out:   preferred: M3 - M4
                 9.8      13.7    0.698
                                             M1:        0.4        0.0  0.000
                                             M2:        0.2        0.0  0.000
                                             M3:        1.2        1.2  0.500
                                             M4:        8.0       12.5  0.780
i2c0/CGMaster/ClkDivided:   preferred: M3 - M4
                 6.0       8.4    0.703
                                             M3:        2.8        3.0  0.543
                                             M4:        3.2        5.4  0.844
uart1/CTS_6:   preferred: M3 - M4
                 4.6       6.5    0.705
                                             M2:        0.4        0.2  0.267
                                             M3:        0.2        0.2  0.500
                                             M4:        0.4        0.2  0.250
                                             M5:        3.6        5.9  0.812
afe0/n_510:   preferred: M3 - M4
                 8.6      12.3    0.718
                                             M2:        1.0        1.1  0.550
                                             M3:        0.2        0.0  0.000
                                             M4:        1.8        1.8  0.500
                                             M5:        1.0        1.0  0.500
                                             M6:        4.6        8.4  0.918
clk_periph[5]:   preferred: M3 - M4
                39.0      56.1    0.719
                                             M2:        1.4        1.4  0.486
                                             M3:       20.6       31.9  0.774
                                             M4:       17.0       22.8  0.670
uart1/CTS_11:   preferred: M3 - M4
                 3.8       5.5    0.730
                                             M3:        1.0        0.7  0.350
                                             M4:        2.8        4.9  0.866
system0/CTS_3:   preferred: M3 - M4
                10.8      15.8    0.734
                                             M3:        2.6        3.9  0.740
                                             M4:        8.2       12.0  0.732
clk_hfxt:   preferred: M3 - M4
                53.4      78.9    0.739
                                             M1:        0.8        0.0  0.000
                                             M2:        1.0        0.2  0.125
                                             M3:       10.4       14.4  0.692
                                             M4:        6.4       10.2  0.801
                                             M5:       11.8       12.0  0.508
                                             M6:       23.0       42.0  0.913
CTS_36:   preferred: M3 - M4
                 6.4       9.6    0.747
                                             M1:        0.4        0.0  0.000
                                             M2:        0.2        0.0  0.000
                                             M3:        0.2        0.0  0.000
                                             M4:        5.6        9.6  0.854
gpio3/n_147:   preferred: M3 - M4
                13.2      19.9    0.752
                                             M2:        0.2        0.0  0.000
                                             M3:        3.4        4.3  0.632
                                             M4:        9.6       15.6  0.811
spi0/sck_slave:   preferred: M3 - M4
                10.2      15.4    0.753
                                             M2:        0.6        0.6  0.500
                                             M3:        9.6       14.8  0.769
dtp2_out:   preferred: M3 - M4
                 2.2       3.4    0.756
                                             M2:        0.1        0.0  0.000
                                             M3:        0.7        1.1  0.822
                                             M4:        1.4        2.2  0.804
i2c1/CGMaster/Clk:   preferred: M3 - M4
                 9.0      13.6    0.757
                                             M1:        0.4        0.0  0.000
                                             M2:        0.2        0.2  0.500
                                             M3:        8.4       13.4  0.799
system0/CTS_5:   preferred: M3 - M4
                23.2      36.0    0.774
                                             M1:        0.8        0.0  0.000
                                             M3:        3.6        6.6  0.917
                                             M4:        4.2        6.2  0.743
                                             M5:       14.6       23.2  0.793
npu0/NpuSramCLK:   preferred: M3 - M4
                 8.4      13.0    0.774
                                             M2:        0.6        0.2  0.133
                                             M3:        2.8        3.2  0.571
                                             M4:        5.0        9.6  0.965
timer1/CTS_4:   preferred: M3 - M4
                61.6      96.5    0.783
                                             M3:       22.6       32.4  0.716
                                             M4:        4.0        5.3  0.662
                                             M5:       35.0       58.8  0.840
spi0/CTS_8:   preferred: M3 - M4
                 7.3      11.5    0.785
                                             M2:        0.2        0.0  0.000
                                             M3:        1.7        2.7  0.769
                                             M4:        0.6        0.4  0.333
                                             M5:        4.8        8.4  0.880
i2c0/ClkMaster:   preferred: M3 - M4
                56.9      89.4    0.785
                                             M2:        0.1        0.0  0.000
                                             M3:       23.8       29.2  0.614
                                             M4:       12.2       20.0  0.821
                                             M5:       20.8       40.2  0.966
CTS_46:   preferred: M3 - M4
                81.1     127.5    0.786
                                             M2:        0.7        0.0  0.000
                                             M3:        8.8       12.8  0.730
                                             M4:       48.4       91.4  0.944
                                             M5:       23.2       23.2  0.500
npu0/CTS_2:   preferred: M3 - M4
                 4.2       6.6    0.786
                                             M1:        0.4        0.0  0.000
                                             M3:        0.4        0.4  0.500
                                             M4:        3.4        6.2  0.912
adddec0/CTS_2:   preferred: M3 - M4
                12.0      18.9    0.790
                                             M2:        0.6        0.2  0.208
                                             M3:       11.4       18.7  0.820
CTS_29:   preferred: M3 - M4
               419.4     666.6    0.795
                                             M2:        0.8        0.6  0.375
                                             M3:        0.8        0.8  0.500
                                             M4:        3.4        6.5  0.949
                                             M5:      262.6      506.9  0.965
                                             M6:      151.8      151.8  0.500
CTS_17:   preferred: M3 - M4
                16.6      26.4    0.795
                                             M2:        0.8        0.4  0.250
                                             M3:        6.2       10.0  0.806
                                             M4:        9.6       16.0  0.834
i2c1/CGMaster/CTS_4:   preferred: M3 - M4
                21.3      34.0    0.798
                                             M2:        0.5        0.7  0.663
                                             M3:        0.6        0.0  0.000
                                             M4:       20.2       33.3  0.825
CTS_1:   preferred: M3 - M4
                23.4      37.5    0.800
                                             M1:        0.4        0.0  0.000
                                             M2:        2.0        0.4  0.087
                                             M3:       10.2       16.7  0.819
                                             M4:       10.8       20.4  0.944
timer0/clk_mux/ClkGated[2]:   preferred: M3 - M4
               182.8     292.7    0.800
                                             M1:        0.4        0.0  0.000
                                             M3:        1.0        1.6  0.775
                                             M4:        2.0        3.8  0.950
                                             M5:      179.4      287.3  0.801
clk_mem[2]:   preferred: M3 - M4
                 6.0       9.7    0.804
                                             M2:        0.2        0.0  0.000
                                             M4:        2.0        3.5  0.875
                                             M5:        3.8        6.2  0.809
timer1/clk_mux/ClkGated[3]:   preferred: M3 - M4
               181.8     294.7    0.810
                                             M3:       14.6       21.3  0.728
                                             M4:        9.2        9.3  0.505
                                             M5:      137.8      227.6  0.826
                                             M6:        7.0       10.4  0.743
                                             M7:       13.2       26.1  0.989
uart0/clk_tx:   preferred: M3 - M4
                32.6      52.9    0.811
                                             M1:        0.4        0.0  0.000
                                             M2:        0.6        0.4  0.333
                                             M3:        6.2        6.6  0.532
                                             M4:       11.0       18.1  0.820
                                             M5:        9.0       18.0  1.000
                                             M6:        5.4        9.8  0.907
i2c0/CGMaster/n_118:   preferred: M3 - M4
                 8.2      13.3    0.811
                                             M1:        0.4        0.0  0.000
                                             M2:        0.2        0.2  0.500
                                             M3:        3.2        4.6  0.719
                                             M4:        4.4        8.5  0.966
adddec0/CTS_3:   preferred: M3 - M4
                45.6      74.1    0.813
                                             M2:        0.2        0.2  0.500
                                             M3:        0.2        0.0  0.000
                                             M4:       10.2       14.7  0.718
                                             M5:       27.0       44.1  0.816
                                             M6:        8.0       15.2  0.950
afe0/clk_afe:   preferred: M3 - M4
                11.8      19.2    0.814
                                             M3:        1.0        0.0  0.000
                                             M4:        2.6        5.0  0.962
                                             M5:        2.2        2.2  0.500
                                             M6:        6.0       12.0  1.000
CTS_4:   preferred: M3 - M4
                19.4      31.7    0.816
                                             M1:        0.4        0.0  0.000
                                             M3:        3.0        3.9  0.649
                                             M4:        1.4        1.4  0.500
                                             M5:        2.8        2.8  0.500
                                             M6:       11.8       23.6  0.998
CTS_14:   preferred: M3 - M4
                 8.6      14.0    0.817
                                             M2:        1.4        0.8  0.286
                                             M3:        2.8        4.4  0.794
                                             M4:        4.4        8.8  1.000
timer0/clk_mux/ClkGated[1]:   preferred: M3 - M4
               200.2     328.3    0.820
                                             M2:        0.4        0.5  0.562
                                             M3:        1.8        1.8  0.503
                                             M4:       16.8       32.8  0.976
                                             M5:      181.2      293.2  0.809
clk_periph[13]:   preferred: M3 - M4
               127.8     209.8    0.821
                                             M3:       28.8       26.7  0.463
                                             M4:       78.0      149.4  0.958
                                             M5:       21.0       33.7  0.802
clk_periph[2]:   preferred: M3 - M4
               135.0     222.7    0.825
                                             M2:        0.8        0.7  0.406
                                             M3:        5.2        8.4  0.808
                                             M4:       49.0       89.2  0.910
                                             M5:       48.8       64.4  0.660
                                             M6:       13.2       26.4  1.000
                                             M7:       18.0       33.6  0.933
afe0/adc_fsm/CTS_2:   preferred: M3 - M4
                19.8      32.8    0.828
                                             M2:        0.2        0.0  0.000
                                             M3:        2.0        3.6  0.890
                                             M4:       10.6       15.2  0.717
                                             M5:        7.0       14.0  1.000
uart1/CTS_7:   preferred: M3 - M4
                80.8     134.5    0.833
                                             M1:        0.4        0.0  0.000
                                             M2:        1.0        0.5  0.276
                                             M3:       31.0       50.6  0.815
                                             M4:       32.8       52.2  0.796
                                             M5:       15.6       31.2  1.000
timer1/clk_mux/ClkGated[1]:   preferred: M3 - M4
               210.0     350.3    0.834
                                             M1:        0.8        1.3  0.806
                                             M2:        0.8        0.0  0.000
                                             M3:        2.0        2.1  0.524
                                             M4:       30.6       28.1  0.460
                                             M5:      175.8      318.7  0.907
i2c0/CGMaster/CTS_4:   preferred: M3 - M4
                40.2      67.0    0.834
                                             M3:        3.0        2.4  0.392
                                             M4:        1.2        1.9  0.771
                                             M5:        7.8       13.5  0.862
                                             M6:       28.2       49.4  0.876
timer0/clk_mux/ClkGated[0]:   preferred: M3 - M4
               237.0     395.7    0.835
                                             M2:        0.4        0.4  0.500
                                             M3:       11.0       18.0  0.818
                                             M4:       39.2       62.5  0.797
                                             M5:      186.4      314.8  0.845
i2c0/CGMaster/CTS_3:   preferred: M3 - M4
                 7.6      12.8    0.839
                                             M1:        0.8        0.0  0.000
                                             M3:        3.2        5.5  0.867
                                             M4:        3.6        7.2  1.000
spi1/sck_slave:   preferred: M3 - M4
                 9.8      16.4    0.839
                                             M2:        0.6        0.6  0.500
                                             M3:        9.2       15.8  0.861
spi1/CTS_6:   preferred: M3 - M4
                 9.8      16.5    0.842
                                             M1:        1.0        0.6  0.300
                                             M3:        0.8        0.8  0.500
                                             M4:        3.4        5.9  0.868
                                             M5:        4.6        9.2  1.000
CTS_19:   preferred: M3 - M4
                 8.1      13.7    0.843
                                             M3:        3.5        4.5  0.638
                                             M4:        4.6        9.2  1.000
clk_periph[10]:   preferred: M3 - M4
                82.8     139.6    0.843
                                             M2:        0.6        0.6  0.500
                                             M3:        7.8       14.4  0.926
                                             M4:       50.4       90.5  0.898
                                             M5:       24.0       34.0  0.708
uart1/CTS_13:   preferred: M3 - M4
                13.1      22.1    0.843
                                             M2:        0.2        0.2  0.500
                                             M3:        2.7        3.0  0.557
                                             M4:       10.2       18.9  0.926
spi1/clk_baud_src:   preferred: M3 - M4
                20.0      33.9    0.847
                                             M1:        0.4        0.0  0.000
                                             M3:       12.2       21.7  0.887
                                             M4:        7.4       12.2  0.825
CTS_32:   preferred: M3 - M4
                27.4      46.6    0.851
                                             M2:        1.6        1.2  0.375
                                             M3:        7.0       12.2  0.875
                                             M4:       18.8       33.2  0.882
CTS_38:   preferred: M3 - M4
                39.9      68.6    0.859
                                             M2:        1.0        0.0  0.000
                                             M3:        1.1        0.8  0.349
                                             M4:       22.4       37.4  0.835
                                             M5:       15.4       30.4  0.987
mclk:   preferred: M3 - M4
                69.6     119.7    0.860
                                             M1:        0.6        0.0  0.000
                                             M2:        0.2        0.2  0.500
                                             M3:        7.2       10.2  0.712
                                             M4:       10.0       18.1  0.904
                                             M5:       16.4       20.8  0.634
                                             M6:       35.2       70.4  1.000
timer1/clk_mux/ClkGated[0]:   preferred: M3 - M4
               207.4     358.5    0.864
                                             M3:        0.8        1.6  1.000
                                             M4:       31.8       38.6  0.607
                                             M5:      174.8      318.4  0.911
gpio3/n_148:   preferred: M3 - M4
                21.6      37.6    0.870
                                             M2:        0.6        0.0  0.000
                                             M3:        6.0       11.1  0.927
                                             M4:       15.0       26.4  0.882
clk_periph[8]:   preferred: M3 - M4
               119.4     207.8    0.870
                                             M2:        0.6        1.2  0.958
                                             M3:       30.4       37.8  0.621
                                             M4:       13.8       26.4  0.955
                                             M5:       74.6      142.5  0.955
clk_periph[15]:   preferred: M3 - M4
                68.0     118.7    0.873
                                             M3:        7.8        7.5  0.481
                                             M4:       23.4       43.5  0.929
                                             M5:       36.8       67.7  0.920
CTS_40:   preferred: M3 - M4
               303.2     529.7    0.874
                                             M3:       17.2       29.6  0.861
                                             M4:       42.0       66.5  0.791
                                             M5:      244.0      433.6  0.889
timer0/CTS_5:   preferred: M3 - M4
                 3.0       5.2    0.874
                                             M2:        0.2        0.2  0.500
                                             M3:        2.8        5.0  0.901
npu0/NpuClk:   preferred: M3 - M4
                70.1     122.6    0.874
                                             M2:        0.9        0.0  0.000
                                             M3:       11.8       15.2  0.643
                                             M4:       21.8       37.0  0.850
                                             M5:       29.4       58.0  0.986
                                             M6:        6.2       12.4  1.000
core/CTS_2:   preferred: M3 - M4
                16.4      28.7    0.875
                                             M1:        1.0        0.4  0.200
                                             M3:        8.6       14.7  0.855
                                             M4:        6.8       13.6  1.000
CTS_9:   preferred: M3 - M4
               187.0     328.3    0.878
                                             M1:        0.4        0.0  0.000
                                             M3:        2.0        2.6  0.662
                                             M4:       73.6      131.5  0.893
                                             M5:      111.0      194.1  0.874
clk_cpu:   preferred: M3 - M4
               268.0     470.9    0.879
                                             M1:        0.4        0.0  0.000
                                             M2:        0.4        0.0  0.000
                                             M3:       39.0       40.2  0.515
                                             M4:       45.8       91.6  1.000
                                             M5:      182.4      339.2  0.930
system0/CTS_4:   preferred: M3 - M4
                33.6      59.1    0.879
                                             M2:        0.8        1.2  0.778
                                             M3:        1.4        1.6  0.571
                                             M4:        1.0        1.9  0.925
                                             M5:        6.8        7.2  0.526
                                             M6:       23.6       47.2  1.000
CTS_34:   preferred: M3 - M4
                49.2      86.7    0.881
                                             M1:        0.4        0.0  0.000
                                             M2:        1.2        0.2  0.083
                                             M3:        0.4        0.0  0.000
                                             M4:        6.6       12.6  0.955
                                             M5:       40.6       73.9  0.910
uart0/CTS_12:   preferred: M3 - M4
                41.8      73.9    0.884
                                             M1:        0.4        0.0  0.000
                                             M3:        7.6        9.1  0.595
                                             M4:       12.4       22.1  0.889
                                             M5:       21.4       42.8  1.000
system0/CTS_10:   preferred: M3 - M4
                40.3      71.5    0.887
                                             M1:        0.8        0.4  0.250
                                             M2:        0.7        0.0  0.000
                                             M3:        0.8        0.8  0.500
                                             M4:        2.8        5.6  1.000
                                             M5:       35.2       64.7  0.919
dtp0_out:   preferred: M3 - M4
                 4.2       7.5    0.887
                                             M3:        0.4        0.8  1.000
                                             M4:        3.8        6.7  0.875
clk_periph[1]:   preferred: M3 - M4
                72.6     128.9    0.888
                                             M3:       22.2       33.9  0.763
                                             M4:       18.0       31.1  0.863
                                             M5:       21.6       42.4  0.981
                                             M6:       10.8       21.6  1.000
clk_periph[9]:   preferred: M3 - M4
               320.4     569.0    0.888
                                             M2:        5.4        4.4  0.403
                                             M3:       29.0       43.1  0.743
                                             M4:      135.0      246.5  0.913
                                             M5:      141.0      261.9  0.929
                                             M6:       10.0       13.1  0.652
uart0/CTS_7:   preferred: M3 - M4
                67.3     120.0    0.891
                                             M2:        0.9        0.1  0.027
                                             M3:       14.0       17.7  0.632
                                             M4:       25.0       49.2  0.984
                                             M5:        7.8       13.8  0.885
                                             M6:       19.6       39.2  1.000
uart1/CTS_14:   preferred: M3 - M4
                12.5      22.3    0.892
                                             M2:        0.5        0.5  0.500
                                             M3:        0.6        0.0  0.000
                                             M4:       11.4       21.8  0.957
CTS_28:   preferred: M3 - M4
                45.2      80.6    0.893
                                             M2:        0.7        0.2  0.119
                                             M3:        0.5        0.0  0.000
                                             M4:        1.0        1.0  0.500
                                             M5:       43.0       79.5  0.924
spi1/clk_baud:   preferred: M3 - M4
                60.2     107.8    0.895
                                             M3:       15.4       25.4  0.825
                                             M4:       12.4       22.8  0.919
                                             M5:       32.4       59.6  0.920
CTS_23:   preferred: M3 - M4
               375.8     674.2    0.897
                                             M3:        0.8        0.8  0.500
                                             M4:      110.8      204.6  0.923
                                             M5:      264.2      468.7  0.887
CTS_22:   preferred: M3 - M4
               626.0    1124.6    0.898
                                             M2:        0.4        0.4  0.500
                                             M3:       27.4       38.6  0.704
                                             M4:      211.6      413.7  0.978
                                             M5:      384.6      668.9  0.870
                                             M6:        2.0        3.0  0.750
timer0/clk_mux/ClkGated[3]:   preferred: M3 - M4
               193.2     347.2    0.899
                                             M2:        1.6        1.8  0.562
                                             M3:        3.2        4.4  0.684
                                             M4:       15.4       26.1  0.849
                                             M5:      173.0      314.9  0.910
spi0/CTS_2:   preferred: M3 - M4
               192.2     345.9    0.900
                                             M2:        1.2        0.4  0.183
                                             M3:        7.6        9.8  0.645
                                             M4:       20.2       35.1  0.868
                                             M5:      163.2      300.6  0.921
CTS_25:   preferred: M3 - M4
               265.4     478.2    0.901
                                             M1:        0.4        0.0  0.000
                                             M2:        0.2        0.4  1.000
                                             M3:        1.2        2.4  1.000
                                             M4:       33.4       64.1  0.960
                                             M5:      230.2      411.3  0.893
spi0/clk_baud:   preferred: M3 - M4
               134.8     243.2    0.902
                                             M1:        0.4        0.0  0.000
                                             M3:        6.6       11.7  0.883
                                             M4:       24.4       44.1  0.904
                                             M5:      103.4      187.4  0.906
timer1/clk_mux/ClkGated[2]:   preferred: M3 - M4
               197.0     355.4    0.902
                                             M2:        0.5        0.2  0.253
                                             M3:        5.1        9.8  0.957
                                             M4:       33.0       54.9  0.831
                                             M5:      158.4      290.5  0.917
adddec0/CTS_5:   preferred: M3 - M4
               426.0     769.4    0.903
                                             M2:        0.4        0.4  0.500
                                             M3:       12.6       19.2  0.762
                                             M4:      242.6      458.3  0.945
                                             M5:      170.4      291.5  0.855
spi0/ClkFlash:   preferred: M3 - M4
                24.0      43.5    0.905
                                             M1:        0.4        0.0  0.000
                                             M3:       12.8       24.0  0.938
                                             M4:       10.8       19.4  0.900
CTS_35:   preferred: M3 - M4
               145.4     263.3    0.906
                                             M4:       19.8       34.8  0.878
                                             M5:      125.6      228.6  0.910
core/CTS_5:   preferred: M3 - M4
               458.2     830.5    0.906
                                             M2:        0.5        0.0  0.000
                                             M3:       32.0       40.4  0.631
                                             M4:       92.4      177.4  0.960
                                             M5:      298.8      543.5  0.909
                                             M6:       15.8       31.6  1.000
                                             M7:       18.8       37.6  1.000
timer0/CTS_4:   preferred: M3 - M4
               299.8     543.8    0.907
                                             M3:        0.6        0.6  0.500
                                             M4:       17.6       34.0  0.966
                                             M5:      281.6      509.2  0.904
timer1/CTS_3:   preferred: M3 - M4
               231.2     419.5    0.907
                                             M2:        0.4        0.8  1.000
                                             M3:        1.4        2.5  0.893
                                             M4:       15.2       24.1  0.791
                                             M5:      214.2      392.2  0.915
system0/CTS_13:   preferred: M3 - M4
                 2.2       4.0    0.909
                                             M2:        0.2        0.0  0.000
                                             M3:        2.0        4.0  1.000
core/CTS_4:   preferred: M3 - M4
               481.6     876.7    0.910
                                             M2:        0.6        0.4  0.333
                                             M3:       33.6       48.0  0.715
                                             M4:      107.0      196.0  0.916
                                             M5:      340.4      632.3  0.929
uart1/baud_clk_src:   preferred: M3 - M4
                28.2      51.3    0.910
                                             M2:        0.2        0.2  0.500
                                             M3:        6.4        9.8  0.770
                                             M4:       18.6       35.3  0.949
                                             M5:        3.0        6.0  1.000
clk_periph[11]:   preferred: M3 - M4
                25.6      46.7    0.911
                                             M1:        0.4        0.0  0.000
                                             M3:       18.0       32.6  0.907
                                             M4:        7.2       14.0  0.973
clk_periph[12]:   preferred: M3 - M4
               851.4    1556.5    0.914
                                             M2:        0.4        0.1  0.060
                                             M3:       12.0       20.1  0.836
                                             M4:      166.0      313.3  0.944
                                             M5:      621.2     1120.1  0.902
                                             M6:        9.4       18.2  0.968
                                             M7:       42.4       84.8  1.000
CTS_47:   preferred: M3 - M4
                58.0     106.4    0.917
                                             M2:        0.2        0.2  0.500
                                             M3:        0.6        0.6  0.500
                                             M4:       31.4       59.7  0.951
                                             M5:       25.8       45.9  0.890
core/CTS_3:   preferred: M3 - M4
               201.4     370.7    0.920
                                             M2:        0.4        0.4  0.500
                                             M3:        1.8        3.2  0.903
                                             M4:        8.4       12.9  0.767
                                             M5:      190.8      354.2  0.928
CTS_10:   preferred: M3 - M4
               509.6     939.2    0.922
                                             M2:        0.6        0.0  0.000
                                             M3:        7.0       12.6  0.900
                                             M4:        1.8        2.4  0.675
                                             M5:      500.2      924.2  0.924
i2c1/ClkMaster:   preferred: M3 - M4
                60.8     112.2    0.922
                                             M2:        1.0        0.9  0.475
                                             M3:       22.4       37.4  0.833
                                             M4:       37.4       73.9  0.987
adddec0/clk_neg:   preferred: M3 - M4
               115.0     212.2    0.922
                                             M2:        0.8        1.6  0.975
                                             M3:        4.0        5.2  0.656
                                             M4:       10.4       19.4  0.933
                                             M5:       99.8      186.0  0.932
gpio3/n_150:   preferred: M3 - M4
                 5.3       9.8    0.923
                                             M2:        0.1        0.0  0.000
                                             M4:        5.2        9.8  0.942
CTS_30:   preferred: M3 - M4
                23.2      42.9    0.923
                                             M2:        1.4        2.6  0.929
                                             M3:        4.0        6.5  0.806
                                             M4:       17.8       33.8  0.949
adddec0/CTS_4:   preferred: M3 - M4
              1506.6    2797.2    0.928
                                             M2:        1.6        2.7  0.844
                                             M3:       23.6       33.0  0.699
                                             M4:      408.8      786.9  0.962
                                             M5:     1021.0     1871.4  0.916
                                             M6:        4.6        9.2  1.000
                                             M7:       47.0       94.0  1.000
timer0/clock_source:   preferred: M3 - M4
                 8.2      15.2    0.930
                                             M3:        0.2        0.4  1.000
                                             M4:        8.0       14.8  0.928
CTS_37:   preferred: M3 - M4
               385.2     717.0    0.931
                                             M2:        0.6        0.4  0.333
                                             M3:        1.2        1.8  0.750
                                             M4:       43.2       82.8  0.958
                                             M5:      340.2      632.0  0.929
clk_periph[7]:   preferred: M3 - M4
               185.8     346.1    0.931
                                             M1:        0.4        0.0  0.000
                                             M3:       16.2       25.8  0.795
                                             M4:       72.4      138.4  0.956
                                             M5:       96.8      182.0  0.940
afe0/n_441:   preferred: M3 - M4
                12.8      23.9    0.932
                                             M2:        0.2        0.2  0.500
                                             M4:        0.2        0.2  0.500
                                             M5:        1.4        2.2  0.804
                                             M6:       11.0       21.2  0.964
uart1/clk_tx:   preferred: M3 - M4
                20.0      37.3    0.932
                                             M3:        8.6       15.0  0.874
                                             M4:       11.4       22.2  0.976
uart0/RC_CG_HIER_INST291/CTS_1:   preferred: M3 - M4
                 4.2       7.8    0.934
                                             M3:        4.2        7.8  0.934
uart0/CTS_10:   preferred: M3 - M4
                23.3      43.5    0.934
                                             M3:        9.7       16.3  0.843
                                             M4:       13.6       27.2  1.000
timer0/divider_input:   preferred: M3 - M4
                15.6      29.2    0.935
                                             M2:        0.4        0.0  0.000
                                             M3:       10.8       20.4  0.943
                                             M4:        4.4        8.8  1.000
timer0/CTS_3:   preferred: M3 - M4
                56.4     105.5    0.935
                                             M2:        0.4        0.0  0.000
                                             M3:       15.0       25.4  0.846
                                             M4:       41.0       80.1  0.977
gpio1/CTS_2:   preferred: M3 - M4
               132.8     249.1    0.938
                                             M1:        0.4        0.0  0.000
                                             M3:        0.4        0.4  0.500
                                             M4:       21.6       40.9  0.946
                                             M5:      110.4      207.8  0.941
CTS_27:   preferred: M3 - M4
               552.4    1036.1    0.938
                                             M3:        0.4        0.4  0.500
                                             M4:       34.0       64.4  0.947
                                             M5:      518.0      971.3  0.938
timer1/clock_source:   preferred: M3 - M4
                14.8      27.8    0.939
                                             M3:        0.8        1.0  0.625
                                             M4:       14.0       26.8  0.957
clk_periph[14]:   preferred: M3 - M4
                68.0     127.8    0.940
                                             M3:        6.2       11.6  0.939
                                             M4:       31.6       61.6  0.975
                                             M5:       30.2       54.5  0.902
gpio0/CTS_2:   preferred: M3 - M4
                56.0     105.2    0.940
                                             M2:        0.4        0.6  0.750
                                             M4:        0.8        1.6  1.000
                                             M5:       54.8      103.0  0.940
system0/CTS_11:   preferred: M3 - M4
                14.0      26.4    0.943
                                             M1:        0.4        0.4  0.500
                                             M2:        0.2        0.0  0.000
                                             M3:        8.8       16.8  0.955
                                             M4:        4.6        9.2  1.000
clk_periph[3]:   preferred: M3 - M4
                78.4     147.9    0.943
                                             M1:        0.4        0.0  0.000
                                             M2:        0.4        0.4  0.500
                                             M3:        4.4        7.5  0.847
                                             M4:       36.2       66.2  0.915
                                             M5:       37.0       73.8  0.997
CTS_5:   preferred: M3 - M4
                31.4      59.2    0.943
                                             M1:        0.4        0.0  0.000
                                             M2:        0.2        0.2  0.500
                                             M3:        7.4       12.6  0.851
                                             M4:       23.4       46.5  0.993
CTS_43:   preferred: M3 - M4
               302.2     571.0    0.945
                                             M2:        2.2        2.3  0.514
                                             M3:        1.6        1.4  0.453
                                             M4:      142.8      271.6  0.951
                                             M5:      119.2      222.8  0.935
                                             M6:       36.4       72.8  1.000
spi1/CTS_2:   preferred: M3 - M4
               208.0     394.8    0.949
                                             M2:        1.0        0.2  0.100
                                             M3:        9.2       16.6  0.905
                                             M4:       27.4       52.9  0.966
                                             M5:      170.4      325.1  0.954
CTS_11:   preferred: M3 - M4
                14.4      27.4    0.953
                                             M3:       10.6       19.8  0.936
                                             M4:        3.8        7.6  1.000
CTS_8:   preferred: M3 - M4
               107.6     205.5    0.955
                                             M2:        0.2        0.2  0.500
                                             M4:       29.0       57.4  0.989
                                             M5:       78.4      148.0  0.944
CTS_41:   preferred: M3 - M4
                45.2      86.6    0.958
                                             M2:        0.4        0.4  0.500
                                             M3:        1.2        2.0  0.833
                                             M4:        7.2       12.4  0.861
                                             M5:       36.4       71.8  0.986
timer1/n_129:   preferred: M3 - M4
                12.4      23.8    0.960
                                             M3:        1.0        1.0  0.500
                                             M4:       11.4       22.8  1.000
clk_periph[6]:   preferred: M3 - M4
               199.8     385.2    0.964
                                             M1:        0.6        0.0  0.000
                                             M3:        6.2        8.7  0.698
                                             M4:      102.4      202.2  0.987
                                             M5:       90.6      174.3  0.962
timer0/n_707:   preferred: M3 - M4
                 5.8      11.2    0.969
                                             M3:        2.4        4.4  0.926
                                             M4:        3.4        6.8  1.000
prt2_in[3]:   preferred: M3 - M4
                 2.9       5.6    0.971
                                             M2:        2.9        5.6  0.971
clk_periph[0]:   preferred: M3 - M4
                63.8     125.1    0.980
                                             M2:        1.2        2.0  0.854
                                             M3:        6.6       11.2  0.852
                                             M4:       22.0       43.8  0.995
                                             M5:       34.0       68.0  1.000
CTS_31:   preferred: M3 - M4
               298.2     585.2    0.981
                                             M1:        0.4        0.0  0.000
                                             M3:      123.6      245.4  0.993
                                             M4:      155.8      308.9  0.991
                                             M5:       18.4       30.9  0.841
spi0/clk_baud_src:   preferred: M3 - M4
                 7.8      15.4    0.987
                                             M2:        0.2        0.2  0.500
                                             M4:        0.4        0.8  1.000
                                             M5:        7.2       14.4  1.000
CTS_12:   preferred: M3 - M4
               405.6     802.8    0.990
                                             M2:        0.2        0.2  0.500
                                             M3:        0.4        0.4  0.500
                                             M4:        6.6       13.2  1.000
                                             M5:      148.6      289.4  0.974
                                             M6:      249.8      499.6  1.000
i2c1/CGMaster/ClkDivided:   preferred: M3 - M4
                 3.6       7.2    1.000
                                             M3:        0.4        0.8  1.000
                                             M4:        3.2        6.4  1.000
timer0/CTS_8:   preferred: M3 - M4
                10.0      20.0    1.000
                                             M4:        0.2        0.4  1.000
                                             M5:        0.6        1.2  1.000
                                             M6:        9.2       18.4  1.000
-------------------------------------------------------------------------------

 Average ratio:                   0.881
                                             M1:          0.2        0.0  0.110
                                             M2:          0.5        0.3  0.327
                                             M3:          6.5        9.6  0.735
                                             M4:         19.0       34.4  0.907
                                             M5:         48.6       87.9  0.904
                                             M6:          4.3        6.9  0.806
                                             M7:          0.7        1.3  0.990


